Archive member included to satisfy reference by file (symbol)

C:/ST/STM32CubeIDE_1.14.0/STM32CubeIDE/plugins/com.st.stm32cube.ide.mcu.externaltools.gnu-tools-for-stm32.12.3.rel1.win32_1.1.0.202410251130/tools/bin/../lib/gcc/arm-none-eabi/12.3.1/../../../../arm-none-eabi/lib/thumb/v7-m/nofp\libc_nano.a(libc_a-exit.o)
                              C:/ST/STM32CubeIDE_1.14.0/STM32CubeIDE/plugins/com.st.stm32cube.ide.mcu.externaltools.gnu-tools-for-stm32.12.3.rel1.win32_1.1.0.202410251130/tools/bin/../lib/gcc/arm-none-eabi/12.3.1/../../../../arm-none-eabi/lib/thumb/v7-m/nofp/crt0.o (exit)
C:/ST/STM32CubeIDE_1.14.0/STM32CubeIDE/plugins/com.st.stm32cube.ide.mcu.externaltools.gnu-tools-for-stm32.12.3.rel1.win32_1.1.0.202410251130/tools/bin/../lib/gcc/arm-none-eabi/12.3.1/../../../../arm-none-eabi/lib/thumb/v7-m/nofp\libc_nano.a(libc_a-malloc.o)
                              ./Core/Src/scheduler.o (malloc)
C:/ST/STM32CubeIDE_1.14.0/STM32CubeIDE/plugins/com.st.stm32cube.ide.mcu.externaltools.gnu-tools-for-stm32.12.3.rel1.win32_1.1.0.202410251130/tools/bin/../lib/gcc/arm-none-eabi/12.3.1/../../../../arm-none-eabi/lib/thumb/v7-m/nofp\libc_nano.a(libc_a-mallocr.o)
                              C:/ST/STM32CubeIDE_1.14.0/STM32CubeIDE/plugins/com.st.stm32cube.ide.mcu.externaltools.gnu-tools-for-stm32.12.3.rel1.win32_1.1.0.202410251130/tools/bin/../lib/gcc/arm-none-eabi/12.3.1/../../../../arm-none-eabi/lib/thumb/v7-m/nofp\libc_nano.a(libc_a-malloc.o) (_malloc_r)
C:/ST/STM32CubeIDE_1.14.0/STM32CubeIDE/plugins/com.st.stm32cube.ide.mcu.externaltools.gnu-tools-for-stm32.12.3.rel1.win32_1.1.0.202410251130/tools/bin/../lib/gcc/arm-none-eabi/12.3.1/../../../../arm-none-eabi/lib/thumb/v7-m/nofp\libc_nano.a(libc_a-mlock.o)
                              C:/ST/STM32CubeIDE_1.14.0/STM32CubeIDE/plugins/com.st.stm32cube.ide.mcu.externaltools.gnu-tools-for-stm32.12.3.rel1.win32_1.1.0.202410251130/tools/bin/../lib/gcc/arm-none-eabi/12.3.1/../../../../arm-none-eabi/lib/thumb/v7-m/nofp\libc_nano.a(libc_a-mallocr.o) (__malloc_lock)
C:/ST/STM32CubeIDE_1.14.0/STM32CubeIDE/plugins/com.st.stm32cube.ide.mcu.externaltools.gnu-tools-for-stm32.12.3.rel1.win32_1.1.0.202410251130/tools/bin/../lib/gcc/arm-none-eabi/12.3.1/../../../../arm-none-eabi/lib/thumb/v7-m/nofp\libc_nano.a(libc_a-findfp.o)
                              C:/ST/STM32CubeIDE_1.14.0/STM32CubeIDE/plugins/com.st.stm32cube.ide.mcu.externaltools.gnu-tools-for-stm32.12.3.rel1.win32_1.1.0.202410251130/tools/bin/../lib/gcc/arm-none-eabi/12.3.1/../../../../arm-none-eabi/lib/thumb/v7-m/nofp\libc_nano.a(libc_a-exit.o) (__stdio_exit_handler)
C:/ST/STM32CubeIDE_1.14.0/STM32CubeIDE/plugins/com.st.stm32cube.ide.mcu.externaltools.gnu-tools-for-stm32.12.3.rel1.win32_1.1.0.202410251130/tools/bin/../lib/gcc/arm-none-eabi/12.3.1/../../../../arm-none-eabi/lib/thumb/v7-m/nofp\libc_nano.a(libc_a-fwalk.o)
                              C:/ST/STM32CubeIDE_1.14.0/STM32CubeIDE/plugins/com.st.stm32cube.ide.mcu.externaltools.gnu-tools-for-stm32.12.3.rel1.win32_1.1.0.202410251130/tools/bin/../lib/gcc/arm-none-eabi/12.3.1/../../../../arm-none-eabi/lib/thumb/v7-m/nofp\libc_nano.a(libc_a-findfp.o) (_fwalk_sglue)
C:/ST/STM32CubeIDE_1.14.0/STM32CubeIDE/plugins/com.st.stm32cube.ide.mcu.externaltools.gnu-tools-for-stm32.12.3.rel1.win32_1.1.0.202410251130/tools/bin/../lib/gcc/arm-none-eabi/12.3.1/../../../../arm-none-eabi/lib/thumb/v7-m/nofp\libc_nano.a(libc_a-sprintf.o)
                              ./Core/Src/fsm_traffic_light.o (sprintf)
C:/ST/STM32CubeIDE_1.14.0/STM32CubeIDE/plugins/com.st.stm32cube.ide.mcu.externaltools.gnu-tools-for-stm32.12.3.rel1.win32_1.1.0.202410251130/tools/bin/../lib/gcc/arm-none-eabi/12.3.1/../../../../arm-none-eabi/lib/thumb/v7-m/nofp\libc_nano.a(libc_a-stdio.o)
                              C:/ST/STM32CubeIDE_1.14.0/STM32CubeIDE/plugins/com.st.stm32cube.ide.mcu.externaltools.gnu-tools-for-stm32.12.3.rel1.win32_1.1.0.202410251130/tools/bin/../lib/gcc/arm-none-eabi/12.3.1/../../../../arm-none-eabi/lib/thumb/v7-m/nofp\libc_nano.a(libc_a-findfp.o) (__sread)
C:/ST/STM32CubeIDE_1.14.0/STM32CubeIDE/plugins/com.st.stm32cube.ide.mcu.externaltools.gnu-tools-for-stm32.12.3.rel1.win32_1.1.0.202410251130/tools/bin/../lib/gcc/arm-none-eabi/12.3.1/../../../../arm-none-eabi/lib/thumb/v7-m/nofp\libc_nano.a(libc_a-memset.o)
                              C:/ST/STM32CubeIDE_1.14.0/STM32CubeIDE/plugins/com.st.stm32cube.ide.mcu.externaltools.gnu-tools-for-stm32.12.3.rel1.win32_1.1.0.202410251130/tools/bin/../lib/gcc/arm-none-eabi/12.3.1/../../../../arm-none-eabi/lib/thumb/v7-m/nofp/crt0.o (memset)
C:/ST/STM32CubeIDE_1.14.0/STM32CubeIDE/plugins/com.st.stm32cube.ide.mcu.externaltools.gnu-tools-for-stm32.12.3.rel1.win32_1.1.0.202410251130/tools/bin/../lib/gcc/arm-none-eabi/12.3.1/../../../../arm-none-eabi/lib/thumb/v7-m/nofp\libc_nano.a(libc_a-closer.o)
[...]
Memory Configuration

Name             Origin             Length             Attributes
RAM              0x20000000         0x00005000         xrw
FLASH            0x08000000         0x00020000         xr
*default*        0x00000000         0xffffffff

Linker script and memory map

LOAD C:/ST/STM32CubeIDE_1.14.0/STM32CubeIDE/plugins/com.st.stm32cube.ide.mcu.externaltools.gnu-tools-for-stm32.12.3.rel1.win32_1.1.0.202410251130/tools/bin/../lib/gcc/arm-none-eabi/12.3.1/thumb/v7-m/nofp/crti.o
LOAD C:/ST/STM32CubeIDE_1.14.0/STM32CubeIDE/plugins/com.st.stm32cube.ide.mcu.externaltools.gnu-tools-for-stm32.12.3.rel1.win32_1.1.0.202410251130/tools/bin/../lib/gcc/arm-none-eabi/12.3.1/thumb/v7-m/nofp/crtbegin.o
LOAD C:/ST/STM32CubeIDE_1.14.0/STM32CubeIDE/plugins/com.st.stm32cube.ide.mcu.externaltools.gnu-tools-for-stm32.12.3.rel1.win32_1.1.0.202410251130/tools/bin/../lib/gcc/arm-none-eabi/12.3.1/../../../../arm-none-eabi/lib/thumb/v7-m/nofp/crt0.o
LOAD ./Core/Src/fsm_for_button.o
LOAD ./Core/Src/fsm_traffic_light.o
LOAD ./Core/Src/global.o
LOAD ./Core/Src/i2c-lcd.o
LOAD ./Core/Src/input_reading.o
LOAD ./Core/Src/main.o
LOAD ./Core/Src/scheduler.o
LOAD ./Core/Src/stm32f1xx_hal_msp.o
LOAD ./Core/Src/stm32f1xx_it.o
LOAD ./Core/Src/syscalls.o
LOAD ./Core/Src/sysmem.o
LOAD ./Core/Src/system_stm32f1xx.o
LOAD ./Core/Startup/startup_stm32f103rbtx.o
LOAD ./Drivers/STM32F1xx_HAL_Driver/Src/stm32f1xx_hal.o
LOAD ./Drivers/STM32F1xx_HAL_Driver/Src/stm32f1xx_hal_cortex.o
LOAD ./Drivers/STM32F1xx_HAL_Driver/Src/stm32f1xx_hal_dma.o
LOAD ./Drivers/STM32F1xx_HAL_Driver/Src/stm32f1xx_hal_exti.o
LOAD ./Drivers/STM32F1xx_HAL_Driver/Src/stm32f1xx_hal_flash.o
LOAD ./Drivers/STM32F1xx_HAL_Driver/Src/stm32f1xx_hal_flash_ex.o
LOAD ./Drivers/STM32F1xx_HAL_Driver/Src/stm32f1xx_hal_gpio.o
LOAD ./Drivers/STM32F1xx_HAL_Driver/Src/stm32f1xx_hal_gpio_ex.o
LOAD ./Drivers/STM32F1xx_HAL_Driver/Src/stm32f1xx_hal_i2c.o
LOAD ./Drivers/STM32F1xx_HAL_Driver/Src/stm32f1xx_hal_pwr.o
LOAD ./Drivers/STM32F1xx_HAL_Driver/Src/stm32f1xx_hal_rcc.o
LOAD ./Drivers/STM32F1xx_HAL_Driver/Src/stm32f1xx_hal_rcc_ex.o
LOAD ./Drivers/STM32F1xx_HAL_Driver/Src/stm32f1xx_hal_tim.o
LOAD ./Drivers/STM32F1xx_HAL_Driver/Src/stm32f1xx_hal_tim_ex.o
LOAD ./Drivers/STM32F1xx_HAL_Driver/Src/stm32f1xx_hal_uart.o
START GROUP
LOAD C:/ST/STM32CubeIDE_1.14.0/STM32CubeIDE/plugins/com.st.stm32cube.ide.mcu.externaltools.gnu-tools-for-stm32.12.3.rel1.win32_1.1.0.202410251130/tools/bin/../lib/gcc/arm-none-eabi/12.3.1/../../../../arm-none-eabi/lib/thumb/v7-m/nofp\libc_nano.a
LOAD C:/ST/STM32CubeIDE_1.14.0/STM32CubeIDE/plugins/com.st.stm32cube.ide.mcu.externaltools.gnu-tools-for-stm32.12.3.rel1.win32_1.1.0.202410251130/tools/bin/../lib/gcc/arm-none-eabi/12.3.1/../../../../arm-none-eabi/lib/thumb/v7-m/nofp\libm.a
END GROUP
START GROUP
LOAD C:/ST/STM32CubeIDE_1.14.0/STM32CubeIDE/plugins/com.st.stm32cube.ide.mcu.externaltools.gnu-tools-for-stm32.12.3.rel1.win32_1.1.0.202410251130/tools/bin/../lib/gcc/arm-none-eabi/12.3.1/thumb/v7-m/nofp\libgcc.a
LOAD C:/ST/STM32CubeIDE_1.14.0/STM32CubeIDE/plugins/com.st.stm32cube.ide.mcu.externaltools.gnu-tools-for-stm32.12.3.rel1.win32_1.1.0.202410251130/tools/bin/../lib/gcc/arm-none-eabi/12.3.1/../../../../arm-none-eabi/lib/thumb/v7-m/nofp\libc_nano.a
END GROUP
START GROUP
LOAD C:/ST/STM32CubeIDE_1.14.0/STM32CubeIDE/plugins/com.st.stm32cube.ide.mcu.externaltools.gnu-tools-for-stm32.12.3.rel1.win32_1.1.0.202410251130/tools/bin/../lib/gcc/arm-none-eabi/12.3.1/thumb/v7-m/nofp\libgcc.a
LOAD C:/ST/STM32CubeIDE_1.14.0/STM32CubeIDE/plugins/com.st.stm32cube.ide.mcu.externaltools.gnu-tools-for-stm32.12.3.rel1.win32_1.1.0.202410251130/tools/bin/../lib/gcc/arm-none-eabi/12.3.1/../../../../arm-none-eabi/lib/thumb/v7-m/nofp\libc_nano.a
LOAD C:/ST/STM32CubeIDE_1.14.0/STM32CubeIDE/plugins/com.st.stm32cube.ide.mcu.externaltools.gnu-tools-for-stm32.12.3.rel1.win32_1.1.0.202410251130/tools/bin/../lib/gcc/arm-none-eabi/12.3.1/../../../../arm-none-eabi/lib/thumb/v7-m/nofp\libnosys.a
END GROUP
START GROUP
LOAD C:/ST/STM32CubeIDE_1.14.0/STM32CubeIDE/plugins/com.st.stm32cube.ide.mcu.externaltools.gnu-tools-for-stm32.12.3.rel1.win32_1.1.0.202410251130/tools/bin/../lib/gcc/arm-none-eabi/12.3.1/thumb/v7-m/nofp\libgcc.a
LOAD C:/ST/STM32CubeIDE_1.14.0/STM32CubeIDE/plugins/com.st.stm32cube.ide.mcu.externaltools.gnu-tools-for-stm32.12.3.rel1.win32_1.1.0.202410251130/tools/bin/../lib/gcc/arm-none-eabi/12.3.1/../../../../arm-none-eabi/lib/thumb/v7-m/nofp\libc_nano.a
LOAD C:/ST/STM32CubeIDE_1.14.0/STM32CubeIDE/plugins/com.st.stm32cube.ide.mcu.externaltools.gnu-tools-for-stm32.12.3.rel1.win32_1.1.0.202410251130/tools/bin/../lib/gcc/arm-none-eabi/12.3.1/../../../../arm-none-eabi/lib/thumb/v7-m/nofp\libnosys.a
END GROUP
LOAD C:/ST/STM32CubeIDE_1.14.0/STM32CubeIDE/plugins/com.st.stm32cube.ide.mcu.externaltools.gnu-tools-for-stm32.12.3.rel1.win32_1.1.0.202410251130/tools/bin/../lib/gcc/arm-none-eabi/12.3.1/thumb/v7-m/nofp/crtend.o
LOAD C:/ST/STM32CubeIDE_1.14.0/STM32CubeIDE/plugins/com.st.stm32cube.ide.mcu.externaltools.gnu-tools-for-stm32.12.3.rel1.win32_1.1.0.202410251130/tools/bin/../lib/gcc/arm-none-eabi/12.3.1/thumb/v7-m/nofp/crtn.o
                0x20005000                        _estack = (ORIGIN (RAM) + LENGTH (RAM))
                0x00000200                        _Min_Heap_Size = 0x200
                0x00000400                        _Min_Stack_Size = 0x400

.isr_vector     0x08000000      0x10c
                0x08000000                        . = ALIGN (0x4)
 *(.isr_vector)
 .isr_vector    0x08000000      0x10c ./Core/Startup/startup_stm32f103rbtx.o
                0x08000000                g_pfnVectors
                0x0800010c                        . = ALIGN (0x4)

.text           0x0800010c     0x41d0
                0x0800010c                        . = ALIGN (0x4)
 *(.text)
 .text          0x0800010c       0x40 C:/ST/STM32CubeIDE_1.14.0/STM32CubeIDE/plugins/com.st.stm32cube.ide.mcu.externaltools.gnu-tools-for-stm32.12.3.rel1.win32_1.1.0.202410251130/tools/bin/../lib/gcc/arm-none-eabi/12.3.1/thumb/v7-m/nofp/crtbegin.o
 *(.text*)
 .text.fsm_for_button
                0x0800014c      0x30c ./Core/Src/fsm_for_button.o
                0x0800014c                fsm_for_button
 .text.update_buffer
                0x08000458      0x23c ./Core/Src/fsm_traffic_light.o
                0x08000458                update_buffer
 .text.update_led_traffic
                0x08000694      0x178 ./Core/Src/fsm_traffic_light.o
                0x08000694                update_led_traffic
 .text.fsm_for_auto
                0x0800080c       0x4c ./Core/Src/fsm_traffic_light.o
                0x0800080c                fsm_for_auto
 .text.fsm_for_manual
                0x08000858       0x28 ./Core/Src/fsm_traffic_light.o
                0x08000858                fsm_for_manual
 .text.fsm_for_modify
                0x08000880       0xdc ./Core/Src/fsm_traffic_light.o
                0x08000880                fsm_for_modify
 .text.fsm_for_traffic_light
                0x0800095c       0xc4 ./Core/Src/fsm_traffic_light.o
                0x0800095c                fsm_for_traffic_light
 .text.lcd_send_cmd
                0x08000a20       0x60 ./Core/Src/i2c-lcd.o
                0x08000a20                lcd_send_cmd
 .text.lcd_send_data
                0x08000a80       0x60 ./Core/Src/i2c-lcd.o
                0x08000a80                lcd_send_data
 .text.lcd_init
                0x08000ae0       0x62 ./Core/Src/i2c-lcd.o
                0x08000ae0                lcd_init
 .text.lcd_send_string
                0x08000b42       0x2a ./Core/Src/i2c-lcd.o
                0x08000b42                lcd_send_string
 .text.lcd_clear_display
                0x08000b6c        0xe ./Core/Src/i2c-lcd.o
                0x08000b6c                lcd_clear_display
 .text.lcd_goto_XY
                0x08000b7a       0x44 ./Core/Src/i2c-lcd.o
                0x08000b7a                lcd_goto_XY
 *fill*         0x08000bbe        0x2 
 .text.button_reading
                0x08000bc0       0xd0 ./Core/Src/input_reading.o
                0x08000bc0                button_reading
 .text.is_button_pressed
                0x08000c90       0x34 ./Core/Src/input_reading.o
                0x08000c90                is_button_pressed
 .text.is_button_pressed_1s
                0x08000cc4       0x34 ./Core/Src/input_reading.o
                0x08000cc4                is_button_pressed_1s
 .text.BlinkyLED
                0x08000cf8       0x18 ./Core/Src/main.o
                0x08000cf8                BlinkyLED
 .text.main     0x08000d10       0xa4 ./Core/Src/main.o
                0x08000d10                main
 .text.SystemClock_Config
                0x08000db4       0x82 ./Core/Src/main.o
                0x08000db4                SystemClock_Config
 *fill*         0x08000e36        0x2 
 .text.MX_I2C1_Init
                0x08000e38       0x5c ./Core/Src/main.o
 .text.MX_TIM2_Init
                0x08000e94       0x98 ./Core/Src/main.o
 .text.MX_USART2_UART_Init
                0x08000f2c       0x54 ./Core/Src/main.o
 .text.MX_GPIO_Init
                0x08000f80      0x180 ./Core/Src/main.o
 .text.HAL_TIM_PeriodElapsedCallback
                0x08001100       0x22 ./Core/Src/main.o
                0x08001100                HAL_TIM_PeriodElapsedCallback
 .text.Error_Handler
                0x08001122        0xc ./Core/Src/main.o
                0x08001122                Error_Handler
 .text.is_avail
                0x0800112e       0x26 ./Core/Src/scheduler.o
                0x0800112e                is_avail
 .text.Scheduler_Init
                0x08001154       0x5c ./Core/Src/scheduler.o
                0x08001154                Scheduler_Init
 .text.Scheduler_Update
                0x080011b0       0x38 ./Core/Src/scheduler.o
                0x080011b0                Scheduler_Update
 .text.Scheduler_Add_Task_ID
                0x080011e8      0x138 ./Core/Src/scheduler.o
                0x080011e8                Scheduler_Add_Task_ID
 .text.Scheduler_Add_Task
                0x08001320       0x3c ./Core/Src/scheduler.o
                0x08001320                Scheduler_Add_Task
 .text.Scheduler_Dispatch_Tasks
                0x0800135c       0x60 ./Core/Src/scheduler.o
                0x0800135c                Scheduler_Dispatch_Tasks
 .text.Scheduler_Remove_Task
                0x080013bc       0x84 ./Core/Src/scheduler.o
                0x080013bc                Scheduler_Remove_Task
 .text.HAL_MspInit
                0x08001440       0x64 ./Core/Src/stm32f1xx_hal_msp.o
                0x08001440                HAL_MspInit
 .text.HAL_I2C_MspInit
                0x080014a4       0xa0 ./Core/Src/stm32f1xx_hal_msp.o
                0x080014a4                HAL_I2C_MspInit
 .text.HAL_TIM_Base_MspInit
                0x08001544       0x48 ./Core/Src/stm32f1xx_hal_msp.o
                0x08001544                HAL_TIM_Base_MspInit
 .text.HAL_UART_MspInit
                0x0800158c       0x7c ./Core/Src/stm32f1xx_hal_msp.o
                0x0800158c                HAL_UART_MspInit
 .text.NMI_Handler
                0x08001608        0x8 ./Core/Src/stm32f1xx_it.o
                0x08001608                NMI_Handler
 .text.HardFault_Handler
                0x08001610        0x8 ./Core/Src/stm32f1xx_it.o
                0x08001610                HardFault_Handler
 .text.MemManage_Handler
                0x08001618        0x8 ./Core/Src/stm32f1xx_it.o
                0x08001618                MemManage_Handler
 .text.BusFault_Handler
                0x08001620        0x8 ./Core/Src/stm32f1xx_it.o
                0x08001620                BusFault_Handler
 .text.UsageFault_Handler
                0x08001628        0x8 ./Core/Src/stm32f1xx_it.o
                0x08001628                UsageFault_Handler
 .text.SVC_Handler
                0x08001630        0xc ./Core/Src/stm32f1xx_it.o
                0x08001630                SVC_Handler
 .text.DebugMon_Handler
                0x0800163c        0xc ./Core/Src/stm32f1xx_it.o
                0x0800163c                DebugMon_Handler
 .text.PendSV_Handler
                0x08001648        0xc ./Core/Src/stm32f1xx_it.o
                0x08001648                PendSV_Handler
 .text.SysTick_Handler
                0x08001654        0xc ./Core/Src/stm32f1xx_it.o
                0x08001654                SysTick_Handler
 .text.TIM2_IRQHandler
                0x08001660       0x14 ./Core/Src/stm32f1xx_it.o
                0x08001660                TIM2_IRQHandler
 .text.EXTI15_10_IRQHandler
                0x08001674       0x10 ./Core/Src/stm32f1xx_it.o
                0x08001674                EXTI15_10_IRQHandler
 .text._sbrk    0x08001684       0x6c ./Core/Src/sysmem.o
                0x08001684                _sbrk
 .text.SystemInit
                0x080016f0        0xc ./Core/Src/system_stm32f1xx.o
                0x080016f0                SystemInit
 .text.Reset_Handler
                0x080016fc       0x48 ./Core/Startup/startup_stm32f103rbtx.o
                0x080016fc                Reset_Handler
 .text.Default_Handler
                0x08001744        0x2 ./Core/Startup/startup_stm32f103rbtx.o
                0x08001744                RTC_Alarm_IRQHandler
                0x08001744                EXTI2_IRQHandler
                0x08001744                TIM1_CC_IRQHandler
                0x08001744                PVD_IRQHandler
                0x08001744                EXTI3_IRQHandler
                0x08001744                EXTI0_IRQHandler
                0x08001744                I2C2_EV_IRQHandler
                0x08001744                ADC1_2_IRQHandler
                0x08001744                SPI1_IRQHandler
                0x08001744                TAMPER_IRQHandler
                0x08001744                DMA1_Channel4_IRQHandler
                0x08001744                USART3_IRQHandler
                0x08001744                RTC_IRQHandler
                0x08001744                DMA1_Channel7_IRQHandler
                0x08001744                CAN1_RX1_IRQHandler
                0x08001744                TIM4_IRQHandler
                0x08001744                I2C1_EV_IRQHandler
                0x08001744                DMA1_Channel6_IRQHandler
                0x08001744                TIM3_IRQHandler
                0x08001744                RCC_IRQHandler
                0x08001744                TIM1_TRG_COM_IRQHandler
                0x08001744                DMA1_Channel1_IRQHandler
                0x08001744                Default_Handler
                0x08001744                EXTI9_5_IRQHandler
                0x08001744                SPI2_IRQHandler
                0x08001744                DMA1_Channel5_IRQHandler
                0x08001744                EXTI4_IRQHandler
                0x08001744                USB_LP_CAN1_RX0_IRQHandler
                0x08001744                USB_HP_CAN1_TX_IRQHandler
                0x08001744                DMA1_Channel3_IRQHandler
                0x08001744                TIM1_UP_IRQHandler
                0x08001744                WWDG_IRQHandler
                0x08001744                TIM1_BRK_IRQHandler
                0x08001744                EXTI1_IRQHandler
                0x08001744                USART2_IRQHandler
                0x08001744                I2C2_ER_IRQHandler
                0x08001744                DMA1_Channel2_IRQHandler
                0x08001744                CAN1_SCE_IRQHandler
                0x08001744                FLASH_IRQHandler
                0x08001744                USART1_IRQHandler
                0x08001744                I2C1_ER_IRQHandler
                0x08001744                USBWakeUp_IRQHandler
 *fill*         0x08001746        0x2 
 .text.HAL_Init
                0x08001748       0x2c ./Drivers/STM32F1xx_HAL_Driver/Src/stm32f1xx_hal.o
                0x08001748                HAL_Init
 .text.HAL_InitTick
                0x08001774       0x60 ./Drivers/STM32F1xx_HAL_Driver/Src/stm32f1xx_hal.o
                0x08001774                HAL_InitTick
 .text.HAL_IncTick
                0x080017d4       0x24 ./Drivers/STM32F1xx_HAL_Driver/Src/stm32f1xx_hal.o
                0x080017d4                HAL_IncTick
 .text.HAL_GetTick
                0x080017f8       0x14 ./Drivers/STM32F1xx_HAL_Driver/Src/stm32f1xx_hal.o
                0x080017f8                HAL_GetTick
 .text.HAL_Delay
                0x0800180c       0x48 ./Drivers/STM32F1xx_HAL_Driver/Src/stm32f1xx_hal.o
                0x0800180c                HAL_Delay
 .text.__NVIC_SetPriorityGrouping
                0x08001854       0x48 ./Drivers/STM32F1xx_HAL_Driver/Src/stm32f1xx_hal_cortex.o
 .text.__NVIC_GetPriorityGrouping
                0x0800189c       0x1c ./Drivers/STM32F1xx_HAL_Driver/Src/stm32f1xx_hal_cortex.o
 .text.__NVIC_EnableIRQ
                0x080018b8       0x38 ./Drivers/STM32F1xx_HAL_Driver/Src/stm32f1xx_hal_cortex.o
 .text.__NVIC_SetPriority
                0x080018f0       0x54 ./Drivers/STM32F1xx_HAL_Driver/Src/stm32f1xx_hal_cortex.o
 .text.NVIC_EncodePriority
                0x08001944       0x64 ./Drivers/STM32F1xx_HAL_Driver/Src/stm32f1xx_hal_cortex.o
 .text.SysTick_Config
                0x080019a8       0x44 ./Drivers/STM32F1xx_HAL_Driver/Src/stm32f1xx_hal_cortex.o
 .text.HAL_NVIC_SetPriorityGrouping
                0x080019ec       0x16 ./Drivers/STM32F1xx_HAL_Driver/Src/stm32f1xx_hal_cortex.o
                0x080019ec                HAL_NVIC_SetPriorityGrouping
 .text.HAL_NVIC_SetPriority
                0x08001a02       0x38 ./Drivers/STM32F1xx_HAL_Driver/Src/stm32f1xx_hal_cortex.o
                0x08001a02                HAL_NVIC_SetPriority
 .text.HAL_NVIC_EnableIRQ
                0x08001a3a       0x1c ./Drivers/STM32F1xx_HAL_Driver/Src/stm32f1xx_hal_cortex.o
                0x08001a3a                HAL_NVIC_EnableIRQ
 .text.HAL_SYSTICK_Config
                0x08001a56       0x18 ./Drivers/STM32F1xx_HAL_Driver/Src/stm32f1xx_hal_cortex.o
                0x08001a56                HAL_SYSTICK_Config
 *fill*         0x08001a6e        0x2 
 .text.HAL_GPIO_Init
                0x08001a70      0x308 ./Drivers/STM32F1xx_HAL_Driver/Src/stm32f1xx_hal_gpio.o
                0x08001a70                HAL_GPIO_Init
 .text.HAL_GPIO_ReadPin
                0x08001d78       0x2e ./Drivers/STM32F1xx_HAL_Driver/Src/stm32f1xx_hal_gpio.o
                0x08001d78                HAL_GPIO_ReadPin
 .text.HAL_GPIO_WritePin
                0x08001da6       0x30 ./Drivers/STM32F1xx_HAL_Driver/Src/stm32f1xx_hal_gpio.o
                0x08001da6                HAL_GPIO_WritePin
 .text.HAL_GPIO_TogglePin
                0x08001dd6       0x32 ./Drivers/STM32F1xx_HAL_Driver/Src/stm32f1xx_hal_gpio.o
                0x08001dd6                HAL_GPIO_TogglePin
 .text.HAL_GPIO_EXTI_IRQHandler
                0x08001e08       0x30 ./Drivers/STM32F1xx_HAL_Driver/Src/stm32f1xx_hal_gpio.o
                0x08001e08                HAL_GPIO_EXTI_IRQHandler
 .text.HAL_GPIO_EXTI_Callback
                0x08001e38       0x14 ./Drivers/STM32F1xx_HAL_Driver/Src/stm32f1xx_hal_gpio.o
                0x08001e38                HAL_GPIO_EXTI_Callback
 .text.HAL_I2C_Init
                0x08001e4c      0x288 ./Drivers/STM32F1xx_HAL_Driver/Src/stm32f1xx_hal_i2c.o
                0x08001e4c                HAL_I2C_Init
 .text.HAL_I2C_Master_Transmit
                0x080020d4      0x1fc ./Drivers/STM32F1xx_HAL_Driver/Src/stm32f1xx_hal_i2c.o
                0x080020d4                HAL_I2C_Master_Transmit
 .text.I2C_MasterRequestWrite
                0x080022d0      0x104 ./Drivers/STM32F1xx_HAL_Driver/Src/stm32f1xx_hal_i2c.o
 .text.I2C_WaitOnFlagUntilTimeout
                0x080023d4       0xf4 ./Drivers/STM32F1xx_HAL_Driver/Src/stm32f1xx_hal_i2c.o
 .text.I2C_WaitOnMasterAddressFlagUntilTimeout
                0x080024c8      0x140 ./Drivers/STM32F1xx_HAL_Driver/Src/stm32f1xx_hal_i2c.o
 .text.I2C_WaitOnTXEFlagUntilTimeout
                0x08002608       0x90 ./Drivers/STM32F1xx_HAL_Driver/Src/stm32f1xx_hal_i2c.o
 .text.I2C_WaitOnBTFFlagUntilTimeout
                0x08002698       0x90 ./Drivers/STM32F1xx_HAL_Driver/Src/stm32f1xx_hal_i2c.o
 .text.I2C_IsAcknowledgeFailed
                0x08002728       0x5c ./Drivers/STM32F1xx_HAL_Driver/Src/stm32f1xx_hal_i2c.o
 .text.HAL_RCC_OscConfig
                0x08002784      0x504 ./Drivers/STM32F1xx_HAL_Driver/Src/stm32f1xx_hal_rcc.o
                0x08002784                HAL_RCC_OscConfig
 .text.HAL_RCC_ClockConfig
                0x08002c88      0x1d4 ./Drivers/STM32F1xx_HAL_Driver/Src/stm32f1xx_hal_rcc.o
                0x08002c88                HAL_RCC_ClockConfig
 .text.HAL_RCC_GetSysClockFreq
                0x08002e5c       0xa8 ./Drivers/STM32F1xx_HAL_Driver/Src/stm32f1xx_hal_rcc.o
                0x08002e5c                HAL_RCC_GetSysClockFreq
 .text.HAL_RCC_GetHCLKFreq
                0x08002f04       0x14 ./Drivers/STM32F1xx_HAL_Driver/Src/stm32f1xx_hal_rcc.o
                0x08002f04                HAL_RCC_GetHCLKFreq
 .text.HAL_RCC_GetPCLK1Freq
                0x08002f18       0x28 ./Drivers/STM32F1xx_HAL_Driver/Src/stm32f1xx_hal_rcc.o
                0x08002f18                HAL_RCC_GetPCLK1Freq
 .text.HAL_RCC_GetPCLK2Freq
                0x08002f40       0x28 ./Drivers/STM32F1xx_HAL_Driver/Src/stm32f1xx_hal_rcc.o
                0x08002f40                HAL_RCC_GetPCLK2Freq
 .text.RCC_Delay
                0x08002f68       0x3c ./Drivers/STM32F1xx_HAL_Driver/Src/stm32f1xx_hal_rcc.o
 .text.HAL_TIM_Base_Init
                0x08002fa4       0x9e ./Drivers/STM32F1xx_HAL_Driver/Src/stm32f1xx_hal_tim.o
                0x08002fa4                HAL_TIM_Base_Init
 *fill*         0x08003042        0x2 
 .text.HAL_TIM_Base_Start_IT
                0x08003044       0xa4 ./Drivers/STM32F1xx_HAL_Driver/Src/stm32f1xx_hal_tim.o
                0x08003044                HAL_TIM_Base_Start_IT
 .text.HAL_TIM_IRQHandler
                0x080030e8      0x1e0 ./Drivers/STM32F1xx_HAL_Driver/Src/stm32f1xx_hal_tim.o
                0x080030e8                HAL_TIM_IRQHandler
 .text.HAL_TIM_ConfigClockSource
                0x080032c8      0x18e ./Drivers/STM32F1xx_HAL_Driver/Src/stm32f1xx_hal_tim.o
                0x080032c8                HAL_TIM_ConfigClockSource
 .text.HAL_TIM_OC_DelayElapsedCallback
                0x08003456       0x12 ./Drivers/STM32F1xx_HAL_Driver/Src/stm32f1xx_hal_tim.o
                0x08003456                HAL_TIM_OC_DelayElapsedCallback
 .text.HAL_TIM_IC_CaptureCallback
                0x08003468       0x12 ./Drivers/STM32F1xx_HAL_Driver/Src/stm32f1xx_hal_tim.o
                0x08003468                HAL_TIM_IC_CaptureCallback
 .text.HAL_TIM_PWM_PulseFinishedCallback
                0x0800347a       0x12 ./Drivers/STM32F1xx_HAL_Driver/Src/stm32f1xx_hal_tim.o
                0x0800347a                HAL_TIM_PWM_PulseFinishedCallback
 .text.HAL_TIM_TriggerCallback
                0x0800348c       0x12 ./Drivers/STM32F1xx_HAL_Driver/Src/stm32f1xx_hal_tim.o
                0x0800348c                HAL_TIM_TriggerCallback
 *fill*         0x0800349e        0x2 
 .text.TIM_Base_SetConfig
                0x080034a0       0xdc ./Drivers/STM32F1xx_HAL_Driver/Src/stm32f1xx_hal_tim.o
                0x080034a0                TIM_Base_SetConfig
 .text.TIM_TI1_ConfigInputStage
                0x0800357c       0x5c ./Drivers/STM32F1xx_HAL_Driver/Src/stm32f1xx_hal_tim.o
 .text.TIM_TI2_ConfigInputStage
                0x080035d8       0x5e ./Drivers/STM32F1xx_HAL_Driver/Src/stm32f1xx_hal_tim.o
 .text.TIM_ITRx_SetConfig
                0x08003636       0x34 ./Drivers/STM32F1xx_HAL_Driver/Src/stm32f1xx_hal_tim.o
 .text.TIM_ETR_SetConfig
                0x0800366a       0x3e ./Drivers/STM32F1xx_HAL_Driver/Src/stm32f1xx_hal_tim.o
                0x0800366a                TIM_ETR_SetConfig
 .text.HAL_TIMEx_MasterConfigSynchronization
                0x080036a8       0xbc ./Drivers/STM32F1xx_HAL_Driver/Src/stm32f1xx_hal_tim_ex.o
                0x080036a8                HAL_TIMEx_MasterConfigSynchronization
 .text.HAL_TIMEx_CommutCallback
                0x08003764       0x12 ./Drivers/STM32F1xx_HAL_Driver/Src/stm32f1xx_hal_tim_ex.o
                0x08003764                HAL_TIMEx_CommutCallback
 .text.HAL_TIMEx_BreakCallback
                0x08003776       0x12 ./Drivers/STM32F1xx_HAL_Driver/Src/stm32f1xx_hal_tim_ex.o
                0x08003776                HAL_TIMEx_BreakCallback
 .text.HAL_UART_Init
                0x08003788       0xa0 ./Drivers/STM32F1xx_HAL_Driver/Src/stm32f1xx_hal_uart.o
                0x08003788                HAL_UART_Init
 .text.UART_SetConfig
                0x08003828      0x11c ./Drivers/STM32F1xx_HAL_Driver/Src/stm32f1xx_hal_uart.o
 .text.malloc   0x08003944       0x10 C:/ST/STM32CubeIDE_1.14.0/STM32CubeIDE/plugins/com.st.stm32cube.ide.mcu.externaltools.gnu-tools-for-stm32.12.3.rel1.win32_1.1.0.202410251130/tools/bin/../lib/gcc/arm-none-eabi/12.3.1/../../../../arm-none-eabi/lib/thumb/v7-m/nofp\libc_nano.a(libc_a-malloc.o)
                0x08003944                malloc
 .text.free     0x08003954       0x10 C:/ST/STM32CubeIDE_1.14.0/STM32CubeIDE/plugins/com.st.stm32cube.ide.mcu.externaltools.gnu-tools-for-stm32.12.3.rel1.win32_1.1.0.202410251130/tools/bin/../lib/gcc/arm-none-eabi/12.3.1/../../../../arm-none-eabi/lib/thumb/v7-m/nofp\libc_nano.a(libc_a-malloc.o)
                0x08003954                free
 .text.sbrk_aligned
                0x08003964       0x44 C:/ST/STM32CubeIDE_1.14.0/STM32CubeIDE/plugins/com.st.stm32cube.ide.mcu.externaltools.gnu-tools-for-stm32.12.3.rel1.win32_1.1.0.202410251130/tools/bin/../lib/gcc/arm-none-eabi/12.3.1/../../../../arm-none-eabi/lib/thumb/v7-m/nofp\libc_nano.a(libc_a-mallocr.o)
 .text._malloc_r
                0x080039a8      0x100 C:/ST/STM32CubeIDE_1.14.0/STM32CubeIDE/plugins/com.st.stm32cube.ide.mcu.externaltools.gnu-tools-for-stm32.12.3.rel1.win32_1.1.0.202410251130/tools/bin/../lib/gcc/arm-none-eabi/12.3.1/../../../../arm-none-eabi/lib/thumb/v7-m/nofp\libc_nano.a(libc_a-mallocr.o)
                0x080039a8                _malloc_r
 .text.__malloc_lock
                0x08003aa8        0xc C:/ST/STM32CubeIDE_1.14.0/STM32CubeIDE/plugins/com.st.stm32cube.ide.mcu.externaltools.gnu-tools-for-stm32.12.3.rel1.win32_1.1.0.202410251130/tools/bin/../lib/gcc/arm-none-eabi/12.3.1/../../../../arm-none-eabi/lib/thumb/v7-m/nofp\libc_nano.a(libc_a-mlock.o)
                0x08003aa8                __malloc_lock
 .text.__malloc_unlock
                0x08003ab4        0xc C:/ST/STM32CubeIDE_1.14.0/STM32CubeIDE/plugins/com.st.stm32cube.ide.mcu.externaltools.gnu-tools-for-stm32.12.3.rel1.win32_1.1.0.202410251130/tools/bin/../lib/gcc/arm-none-eabi/12.3.1/../../../../arm-none-eabi/lib/thumb/v7-m/nofp\libc_nano.a(libc_a-mlock.o)
                0x08003ab4                __malloc_unlock
 .text.sprintf  0x08003ac0       0x40 C:/ST/STM32CubeIDE_1.14.0/STM32CubeIDE/plugins/com.st.stm32cube.ide.mcu.externaltools.gnu-tools-for-stm32.12.3.rel1.win32_1.1.0.202410251130/tools/bin/../lib/gcc/arm-none-eabi/12.3.1/../../../../arm-none-eabi/lib/thumb/v7-m/nofp\libc_nano.a(libc_a-sprintf.o)
                0x08003ac0                siprintf
                0x08003ac0                sprintf
 .text.memset   0x08003b00       0x10 C:/ST/STM32CubeIDE_1.14.0/STM32CubeIDE/plugins/com.st.stm32cube.ide.mcu.externaltools.gnu-tools-for-stm32.12.3.rel1.win32_1.1.0.202410251130/tools/bin/../lib/gcc/arm-none-eabi/12.3.1/../../../../arm-none-eabi/lib/thumb/v7-m/nofp\libc_nano.a(libc_a-memset.o)
                0x08003b00                memset
 .text._sbrk_r  0x08003b10       0x20 C:/ST/STM32CubeIDE_1.14.0/STM32CubeIDE/plugins/com.st.stm32cube.ide.mcu.externaltools.gnu-tools-for-stm32.12.3.rel1.win32_1.1.0.202410251130/tools/bin/../lib/gcc/arm-none-eabi/12.3.1/../../../../arm-none-eabi/lib/thumb/v7-m/nofp\libc_nano.a(libc_a-sbrkr.o)
                0x08003b10                _sbrk_r
 .text.__errno  0x08003b30        0xc C:/ST/STM32CubeIDE_1.14.0/STM32CubeIDE/plugins/com.st.stm32cube.ide.mcu.externaltools.gnu-tools-for-stm32.12.3.rel1.win32_1.1.0.202410251130/tools/bin/../lib/gcc/arm-none-eabi/12.3.1/../../../../arm-none-eabi/lib/thumb/v7-m/nofp\libc_nano.a(libc_a-errno.o)
                0x08003b30                __errno
 .text.__libc_init_array
                0x08003b3c       0x48 C:/ST/STM32CubeIDE_1.14.0/STM32CubeIDE/plugins/com.st.stm32cube.ide.mcu.externaltools.gnu-tools-for-stm32.12.3.rel1.win32_1.1.0.202410251130/tools/bin/../lib/gcc/arm-none-eabi/12.3.1/../../../../arm-none-eabi/lib/thumb/v7-m/nofp\libc_nano.a(libc_a-init.o)
                0x08003b3c                __libc_init_array
 .text.__retarget_lock_acquire_recursive
                0x08003b84        0x2 C:/ST/STM32CubeIDE_1.14.0/STM32CubeIDE/plugins/com.st.stm32cube.ide.mcu.externaltools.gnu-tools-for-stm32.12.3.rel1.win32_1.1.0.202410251130/tools/bin/../lib/gcc/arm-none-eabi/12.3.1/../../../../arm-none-eabi/lib/thumb/v7-m/nofp\libc_nano.a(libc_a-lock.o)
                0x08003b84                __retarget_lock_acquire_recursive
 .text.__retarget_lock_release_recursive
                0x08003b86        0x2 C:/ST/STM32CubeIDE_1.14.0/STM32CubeIDE/plugins/com.st.stm32cube.ide.mcu.externaltools.gnu-tools-for-stm32.12.3.rel1.win32_1.1.0.202410251130/tools/bin/../lib/gcc/arm-none-eabi/12.3.1/../../../../arm-none-eabi/lib/thumb/v7-m/nofp\libc_nano.a(libc_a-lock.o)
                0x08003b86                __retarget_lock_release_recursive
 .text._free_r  0x08003b88       0x90 C:/ST/STM32CubeIDE_1.14.0/STM32CubeIDE/plugins/com.st.stm32cube.ide.mcu.externaltools.gnu-tools-for-stm32.12.3.rel1.win32_1.1.0.202410251130/tools/bin/../lib/gcc/arm-none-eabi/12.3.1/../../../../arm-none-eabi/lib/thumb/v7-m/nofp\libc_nano.a(libc_a-freer.o)
                0x08003b88                _free_r
 .text.__ssputs_r
                0x08003c18       0xb6 C:/ST/STM32CubeIDE_1.14.0/STM32CubeIDE/plugins/com.st.stm32cube.ide.mcu.externaltools.gnu-tools-for-stm32.12.3.rel1.win32_1.1.0.202410251130/tools/bin/../lib/gcc/arm-none-eabi/12.3.1/../../../../arm-none-eabi/lib/thumb/v7-m/nofp\libc_nano.a(libc_a-nano-svfprintf.o)
                0x08003c18                __ssputs_r
 *fill*         0x08003cce        0x2 
 .text._svfprintf_r
                0x08003cd0      0x1f8 C:/ST/STM32CubeIDE_1.14.0/STM32CubeIDE/plugins/com.st.stm32cube.ide.mcu.externaltools.gnu-tools-for-stm32.12.3.rel1.win32_1.1.0.202410251130/tools/bin/../lib/gcc/arm-none-eabi/12.3.1/../../../../arm-none-eabi/lib/thumb/v7-m/nofp\libc_nano.a(libc_a-nano-svfprintf.o)
                0x08003cd0                _svfiprintf_r
                0x08003cd0                _svfprintf_r
 .text._printf_common
                0x08003ec8       0xe4 C:/ST/STM32CubeIDE_1.14.0/STM32CubeIDE/plugins/com.st.stm32cube.ide.mcu.externaltools.gnu-tools-for-stm32.12.3.rel1.win32_1.1.0.202410251130/tools/bin/../lib/gcc/arm-none-eabi/12.3.1/../../../../arm-none-eabi/lib/thumb/v7-m/nofp\libc_nano.a(libc_a-nano-vfprintf_i.o)
                0x08003ec8                _printf_common
 .text._printf_i
                0x08003fac      0x240 C:/ST/STM32CubeIDE_1.14.0/STM32CubeIDE/plugins/com.st.stm32cube.ide.mcu.externaltools.gnu-tools-for-stm32.12.3.rel1.win32_1.1.0.202410251130/tools/bin/../lib/gcc/arm-none-eabi/12.3.1/../../../../arm-none-eabi/lib/thumb/v7-m/nofp\libc_nano.a(libc_a-nano-vfprintf_i.o)
                0x08003fac                _printf_i
 .text.memmove  0x080041ec       0x34 C:/ST/STM32CubeIDE_1.14.0/STM32CubeIDE/plugins/com.st.stm32cube.ide.mcu.externaltools.gnu-tools-for-stm32.12.3.rel1.win32_1.1.0.202410251130/tools/bin/../lib/gcc/arm-none-eabi/12.3.1/../../../../arm-none-eabi/lib/thumb/v7-m/nofp\libc_nano.a(libc_a-memmove.o)
                0x080041ec                memmove
 .text.memchr   0x08004220       0x1c C:/ST/STM32CubeIDE_1.14.0/STM32CubeIDE/plugins/com.st.stm32cube.ide.mcu.externaltools.gnu-tools-for-stm32.12.3.rel1.win32_1.1.0.202410251130/tools/bin/../lib/gcc/arm-none-eabi/12.3.1/../../../../arm-none-eabi/lib/thumb/v7-m/nofp\libc_nano.a(libc_a-memchr-stub.o)
                0x08004220                memchr
 .text.memcpy   0x0800423c       0x1c C:/ST/STM32CubeIDE_1.14.0/STM32CubeIDE/plugins/com.st.stm32cube.ide.mcu.externaltools.gnu-tools-for-stm32.12.3.rel1.win32_1.1.0.202410251130/tools/bin/../lib/gcc/arm-none-eabi/12.3.1/../../../../arm-none-eabi/lib/thumb/v7-m/nofp\libc_nano.a(libc_a-memcpy-stub.o)
                0x0800423c                memcpy
 .text._realloc_r
                0x08004258       0x5c C:/ST/STM32CubeIDE_1.14.0/STM32CubeIDE/plugins/com.st.stm32cube.ide.mcu.externaltools.gnu-tools-for-stm32.12.3.rel1.win32_1.1.0.202410251130/tools/bin/../lib/gcc/arm-none-eabi/12.3.1/../../../../arm-none-eabi/lib/thumb/v7-m/nofp\libc_nano.a(libc_a-reallocr.o)
                0x08004258                _realloc_r
 .text._malloc_usable_size_r
                0x080042b4       0x10 C:/ST/STM32CubeIDE_1.14.0/STM32CubeIDE/plugins/com.st.stm32cube.ide.mcu.externaltools.gnu-tools-for-stm32.12.3.rel1.win32_1.1.0.202410251130/tools/bin/../lib/gcc/arm-none-eabi/12.3.1/../../../../arm-none-eabi/lib/thumb/v7-m/nofp\libc_nano.a(libc_a-msizer.o)
                0x080042b4                _malloc_usable_size_r
 *(.glue_7)
 .glue_7        0x080042c4        0x0 linker stubs
 *(.glue_7t)
 .glue_7t       0x080042c4        0x0 linker stubs
 *(.eh_frame)
 .eh_frame      0x080042c4        0x0 C:/ST/STM32CubeIDE_1.14.0/STM32CubeIDE/plugins/com.st.stm32cube.ide.mcu.externaltools.gnu-tools-for-stm32.12.3.rel1.win32_1.1.0.202410251130/tools/bin/../lib/gcc/arm-none-eabi/12.3.1/thumb/v7-m/nofp/crtbegin.o
 *(.init)
 .init          0x080042c4        0x4 C:/ST/STM32CubeIDE_1.14.0/STM32CubeIDE/plugins/com.st.stm32cube.ide.mcu.externaltools.gnu-tools-for-stm32.12.3.rel1.win32_1.1.0.202410251130/tools/bin/../lib/gcc/arm-none-eabi/12.3.1/thumb/v7-m/nofp/crti.o
                0x080042c4                _init
 .init          0x080042c8        0x8 C:/ST/STM32CubeIDE_1.14.0/STM32CubeIDE/plugins/com.st.stm32cube.ide.mcu.externaltools.gnu-tools-for-stm32.12.3.rel1.win32_1.1.0.202410251130/tools/bin/../lib/gcc/arm-none-eabi/12.3.1/thumb/v7-m/nofp/crtn.o
 *(.fini)
 .fini          0x080042d0        0x4 C:/ST/STM32CubeIDE_1.14.0/STM32CubeIDE/plugins/com.st.stm32cube.ide.mcu.externaltools.gnu-tools-for-stm32.12.3.rel1.win32_1.1.0.202410251130/tools/bin/../lib/gcc/arm-none-eabi/12.3.1/thumb/v7-m/nofp/crti.o
                0x080042d0                _fini
 .fini          0x080042d4        0x8 C:/ST/STM32CubeIDE_1.14.0/STM32CubeIDE/plugins/com.st.stm32cube.ide.mcu.externaltools.gnu-tools-for-stm32.12.3.rel1.win32_1.1.0.202410251130/tools/bin/../lib/gcc/arm-none-eabi/12.3.1/thumb/v7-m/nofp/crtn.o
                0x080042dc                        . = ALIGN (0x4)
                0x080042dc                        _etext = .

.vfp11_veneer   0x080042dc        0x0
 .vfp11_veneer  0x080042dc        0x0 linker stubs

.v4_bx          0x080042dc        0x0
 .v4_bx         0x080042dc        0x0 linker stubs

.iplt           0x080042dc        0x0
 .iplt          0x080042dc        0x0 C:/ST/STM32CubeIDE_1.14.0/STM32CubeIDE/plugins/com.st.stm32cube.ide.mcu.externaltools.gnu-tools-for-stm32.12.3.rel1.win32_1.1.0.202410251130/tools/bin/../lib/gcc/arm-none-eabi/12.3.1/thumb/v7-m/nofp/crtbegin.o

.rodata         0x080042dc       0xec
                0x080042dc                        . = ALIGN (0x4)
 *(.rodata)
 .rodata        0x080042dc       0x70 ./Core/Src/fsm_traffic_light.o
 .rodata        0x0800434c       0x1c ./Core/Src/main.o
 *(.rodata*)
 .rodata.AHBPrescTable
                0x08004368       0x10 ./Core/Src/system_stm32f1xx.o
                0x08004368                AHBPrescTable
 .rodata.APBPrescTable
                0x08004378        0x8 ./Core/Src/system_stm32f1xx.o
                0x08004378                APBPrescTable
 .rodata.aPLLMULFactorTable.1
                0x08004380       0x10 ./Drivers/STM32F1xx_HAL_Driver/Src/stm32f1xx_hal_rcc.o
 .rodata.aPredivFactorTable.0
                0x08004390        0x2 ./Drivers/STM32F1xx_HAL_Driver/Src/stm32f1xx_hal_rcc.o
 .rodata._svfprintf_r.str1.1
                0x08004392       0x11 C:/ST/STM32CubeIDE_1.14.0/STM32CubeIDE/plugins/com.st.stm32cube.ide.mcu.externaltools.gnu-tools-for-stm32.12.3.rel1.win32_1.1.0.202410251130/tools/bin/../lib/gcc/arm-none-eabi/12.3.1/../../../../arm-none-eabi/lib/thumb/v7-m/nofp\libc_nano.a(libc_a-nano-svfprintf.o)
 .rodata._printf_i.str1.1
                0x080043a3       0x22 C:/ST/STM32CubeIDE_1.14.0/STM32CubeIDE/plugins/com.st.stm32cube.ide.mcu.externaltools.gnu-tools-for-stm32.12.3.rel1.win32_1.1.0.202410251130/tools/bin/../lib/gcc/arm-none-eabi/12.3.1/../../../../arm-none-eabi/lib/thumb/v7-m/nofp\libc_nano.a(libc_a-nano-vfprintf_i.o)
                0x080043c8                        . = ALIGN (0x4)
 *fill*         0x080043c5        0x3 

.ARM.extab      0x080043c8        0x0
                0x080043c8                        . = ALIGN (0x4)
 *(.ARM.extab* .gnu.linkonce.armextab.*)
                0x080043c8                        . = ALIGN (0x4)

.ARM            0x080043c8        0x0
                0x080043c8                        . = ALIGN (0x4)
                0x080043c8                        __exidx_start = .
 *(.ARM.exidx*)
                0x080043c8                        __exidx_end = .
                0x080043c8                        . = ALIGN (0x4)

.preinit_array  0x080043c8        0x0
                0x080043c8                        . = ALIGN (0x4)
                0x080043c8                        PROVIDE (__preinit_array_start = .)
 *(.preinit_array*)
                0x080043c8                        PROVIDE (__preinit_array_end = .)
                0x080043c8                        . = ALIGN (0x4)

.init_array     0x080043c8        0x4
                0x080043c8                        . = ALIGN (0x4)
                0x080043c8                        PROVIDE (__init_array_start = .)
 *(SORT_BY_NAME(.init_array.*))
 *(.init_array*)
 .init_array    0x080043c8        0x4 C:/ST/STM32CubeIDE_1.14.0/STM32CubeIDE/plugins/com.st.stm32cube.ide.mcu.externaltools.gnu-tools-for-stm32.12.3.rel1.win32_1.1.0.202410251130/tools/bin/../lib/gcc/arm-none-eabi/12.3.1/thumb/v7-m/nofp/crtbegin.o
                0x080043cc                        PROVIDE (__init_array_end = .)
                0x080043cc                        . = ALIGN (0x4)

.fini_array     0x080043cc        0x4
                0x080043cc                        . = ALIGN (0x4)
                [!provide]                        PROVIDE (__fini_array_start = .)
 *(SORT_BY_NAME(.fini_array.*))
 *(.fini_array*)
 .fini_array    0x080043cc        0x4 C:/ST/STM32CubeIDE_1.14.0/STM32CubeIDE/plugins/com.st.stm32cube.ide.mcu.externaltools.gnu-tools-for-stm32.12.3.rel1.win32_1.1.0.202410251130/tools/bin/../lib/gcc/arm-none-eabi/12.3.1/thumb/v7-m/nofp/crtbegin.o
                [!provide]                        PROVIDE (__fini_array_end = .)
                0x080043d0                        . = ALIGN (0x4)
                0x080043d0                        _sidata = LOADADDR (.data)

.rel.dyn        0x080043d0        0x0
 .rel.iplt      0x080043d0        0x0 C:/ST/STM32CubeIDE_1.14.0/STM32CubeIDE/plugins/com.st.stm32cube.ide.mcu.externaltools.gnu-tools-for-stm32.12.3.rel1.win32_1.1.0.202410251130/tools/bin/../lib/gcc/arm-none-eabi/12.3.1/thumb/v7-m/nofp/crtbegin.o

.data           0x20000000       0x7c load address 0x080043d0
                0x20000000                        . = ALIGN (0x4)
                0x20000000                        _sdata = .
 *(.data)
 *(.data*)
 .data.button_state
                0x20000000        0x3 ./Core/Src/fsm_for_button.o
                0x20000000                button_state
 .data.line_2   0x20000003        0x1 ./Core/Src/global.o
                0x20000003                line_2
 .data.red_light
                0x20000004        0x1 ./Core/Src/global.o
                0x20000004                red_light
 .data.amber_light
                0x20000005        0x1 ./Core/Src/global.o
                0x20000005                amber_light
 .data.green_light
                0x20000006        0x1 ./Core/Src/global.o
                0x20000006                green_light
 *fill*         0x20000007        0x1 
 .data.buttonBuffer
                0x20000008        0x3 ./Core/Src/input_reading.o
 *fill*         0x2000000b        0x1 
 .data.BTN_Port
                0x2000000c        0xc ./Core/Src/input_reading.o
                0x2000000c                BTN_Port
 .data.BTN_Pin  0x20000018        0x6 ./Core/Src/input_reading.o
                0x20000018                BTN_Pin
 *fill*         0x2000001e        0x2 
 .data.SystemCoreClock
                0x20000020        0x4 ./Core/Src/system_stm32f1xx.o
                0x20000020                SystemCoreClock
 .data.uwTickPrio
                0x20000024        0x4 ./Drivers/STM32F1xx_HAL_Driver/Src/stm32f1xx_hal.o
                0x20000024                uwTickPrio
 .data.uwTickFreq
                0x20000028        0x1 ./Drivers/STM32F1xx_HAL_Driver/Src/stm32f1xx_hal.o
                0x20000028                uwTickFreq
 *fill*         0x20000029        0x3 
 .data._impure_ptr
                0x2000002c        0x4 C:/ST/STM32CubeIDE_1.14.0/STM32CubeIDE/plugins/com.st.stm32cube.ide.mcu.externaltools.gnu-tools-for-stm32.12.3.rel1.win32_1.1.0.202410251130/tools/bin/../lib/gcc/arm-none-eabi/12.3.1/../../../../arm-none-eabi/lib/thumb/v7-m/nofp\libc_nano.a(libc_a-impure.o)
                0x2000002c                _impure_ptr
 .data._impure_data
                0x20000030       0x4c C:/ST/STM32CubeIDE_1.14.0/STM32CubeIDE/plugins/com.st.stm32cube.ide.mcu.externaltools.gnu-tools-for-stm32.12.3.rel1.win32_1.1.0.202410251130/tools/bin/../lib/gcc/arm-none-eabi/12.3.1/../../../../arm-none-eabi/lib/thumb/v7-m/nofp\libc_nano.a(libc_a-impure.o)
                0x20000030                _impure_data
 *(.RamFunc)
 *(.RamFunc*)
                0x2000007c                        . = ALIGN (0x4)
                0x2000007c                        _edata = .

.igot.plt       0x2000007c        0x0 load address 0x0800444c
 .igot.plt      0x2000007c        0x0 C:/ST/STM32CubeIDE_1.14.0/STM32CubeIDE/plugins/com.st.stm32cube.ide.mcu.externaltools.gnu-tools-for-stm32.12.3.rel1.win32_1.1.0.202410251130/tools/bin/../lib/gcc/arm-none-eabi/12.3.1/thumb/v7-m/nofp/crtbegin.o
                0x2000007c                        . = ALIGN (0x4)

.bss            0x2000007c      0x274 load address 0x0800444c
                0x2000007c                        _sbss = .
                0x2000007c                        __bss_start__ = _sbss
 *(.bss)
 .bss           0x2000007c       0x1c C:/ST/STM32CubeIDE_1.14.0/STM32CubeIDE/plugins/com.st.stm32cube.ide.mcu.externaltools.gnu-tools-for-stm32.12.3.rel1.win32_1.1.0.202410251130/tools/bin/../lib/gcc/arm-none-eabi/12.3.1/thumb/v7-m/nofp/crtbegin.o
 *(.bss*)
 .bss.mode      0x20000098        0x1 ./Core/Src/global.o
                0x20000098                mode
 .bss.line_1    0x20000099        0x1 ./Core/Src/global.o
                0x20000099                line_1
 .bss.count_1   0x2000009a        0x1 ./Core/Src/global.o
                0x2000009a                count_1
 .bss.count_2   0x2000009b        0x1 ./Core/Src/global.o
                0x2000009b                count_2
 .bss.buffer    0x2000009c        0x1 ./Core/Src/global.o
                0x2000009c                buffer
 *fill*         0x2000009d        0x3 
 .bss.hi2c1     0x200000a0       0x54 ./Core/Src/i2c-lcd.o
                0x200000a0                hi2c1
 .bss.debounceButtonBuffer1
                0x200000f4        0x3 ./Core/Src/input_reading.o
 *fill*         0x200000f7        0x1 
 .bss.debounceButtonBuffer2
                0x200000f8        0x3 ./Core/Src/input_reading.o
 *fill*         0x200000fb        0x1 
 .bss.flagForButtonPress1s
                0x200000fc        0x3 ./Core/Src/input_reading.o
 *fill*         0x200000ff        0x1 
 .bss.counterForButtonPress1s
                0x20000100        0x6 ./Core/Src/input_reading.o
 *fill*         0x20000106        0x2 
 .bss.htim2     0x20000108       0x48 ./Core/Src/main.o
                0x20000108                htim2
 .bss.huart2    0x20000150       0x48 ./Core/Src/main.o
                0x20000150                huart2
 .bss.tasks     0x20000198        0x8 ./Core/Src/scheduler.o
                0x20000198                tasks
 .bss.__sbrk_heap_end
                0x200001a0        0x4 ./Core/Src/sysmem.o
 .bss.uwTick    0x200001a4        0x4 ./Drivers/STM32F1xx_HAL_Driver/Src/stm32f1xx_hal.o
                0x200001a4                uwTick
 .bss.__malloc_sbrk_start
                0x200001a8        0x4 C:/ST/STM32CubeIDE_1.14.0/STM32CubeIDE/plugins/com.st.stm32cube.ide.mcu.externaltools.gnu-tools-for-stm32.12.3.rel1.win32_1.1.0.202410251130/tools/bin/../lib/gcc/arm-none-eabi/12.3.1/../../../../arm-none-eabi/lib/thumb/v7-m/nofp\libc_nano.a(libc_a-mallocr.o)
                0x200001a8                __malloc_sbrk_start
 .bss.__malloc_free_list
                0x200001ac        0x4 C:/ST/STM32CubeIDE_1.14.0/STM32CubeIDE/plugins/com.st.stm32cube.ide.mcu.externaltools.gnu-tools-for-stm32.12.3.rel1.win32_1.1.0.202410251130/tools/bin/../lib/gcc/arm-none-eabi/12.3.1/../../../../arm-none-eabi/lib/thumb/v7-m/nofp\libc_nano.a(libc_a-mallocr.o)
                0x200001ac                __malloc_free_list
 .bss.__sf      0x200001b0      0x138 C:/ST/STM32CubeIDE_1.14.0/STM32CubeIDE/plugins/com.st.stm32cube.ide.mcu.externaltools.gnu-tools-for-stm32.12.3.rel1.win32_1.1.0.202410251130/tools/bin/../lib/gcc/arm-none-eabi/12.3.1/../../../../arm-none-eabi/lib/thumb/v7-m/nofp\libc_nano.a(libc_a-findfp.o)
                0x200001b0                __sf
 .bss.errno     0x200002e8        0x4 C:/ST/STM32CubeIDE_1.14.0/STM32CubeIDE/plugins/com.st.stm32cube.ide.mcu.externaltools.gnu-tools-for-stm32.12.3.rel1.win32_1.1.0.202410251130/tools/bin/../lib/gcc/arm-none-eabi/12.3.1/../../../../arm-none-eabi/lib/thumb/v7-m/nofp\libc_nano.a(libc_a-reent.o)
                0x200002e8                errno
 .bss.__lock___malloc_recursive_mutex
                0x200002ec        0x1 C:/ST/STM32CubeIDE_1.14.0/STM32CubeIDE/plugins/com.st.stm32cube.ide.mcu.externaltools.gnu-tools-for-stm32.12.3.rel1.win32_1.1.0.202410251130/tools/bin/../lib/gcc/arm-none-eabi/12.3.1/../../../../arm-none-eabi/lib/thumb/v7-m/nofp\libc_nano.a(libc_a-lock.o)
                0x200002ec                __lock___malloc_recursive_mutex
 *(COMMON)
                0x200002f0                        . = ALIGN (0x4)
 *fill*         0x200002ed        0x3 
                0x200002f0                        _ebss = .
                0x200002f0                        __bss_end__ = _ebss

._user_heap_stack
                0x200002f0      0x600 load address 0x0800444c
                0x200002f0                        . = ALIGN (0x8)
                [!provide]                        PROVIDE (end = .)
                0x200002f0                        PROVIDE (_end = .)
                0x200004f0                        . = (. + _Min_Heap_Size)
 *fill*         0x200002f0      0x200 
                0x200008f0                        . = (. + _Min_Stack_Size)
 *fill*         0x200004f0      0x400 
                0x200008f0                        . = ALIGN (0x8)

/DISCARD/
 libc.a(*)
 libm.a(*)
 libgcc.a(*)

.ARM.attributes
                0x00000000       0x29
 *(.ARM.attributes)
 .ARM.attributes
                0x00000000       0x1d C:/ST/STM32CubeIDE_1.14.0/STM32CubeIDE/plugins/com.st.stm32cube.ide.mcu.externaltools.gnu-tools-for-stm32.12.3.rel1.win32_1.1.0.202410251130/tools/bin/../lib/gcc/arm-none-eabi/12.3.1/thumb/v7-m/nofp/crti.o
 .ARM.attributes
                0x0000001d       0x2d C:/ST/STM32CubeIDE_1.14.0/STM32CubeIDE/plugins/com.st.stm32cube.ide.mcu.externaltools.gnu-tools-for-stm32.12.3.rel1.win32_1.1.0.202410251130/tools/bin/../lib/gcc/arm-none-eabi/12.3.1/thumb/v7-m/nofp/crtbegin.o
 .ARM.attributes
                0x0000004a       0x2d ./Core/Src/fsm_for_button.o
 .ARM.attributes
                0x00000077       0x2d ./Core/Src/fsm_traffic_light.o
 .ARM.attributes
                0x000000a4       0x2d ./Core/Src/global.o
 .ARM.attributes
                0x000000d1       0x2d ./Core/Src/i2c-lcd.o
 .ARM.attributes
                0x000000fe       0x2d ./Core/Src/input_reading.o
 .ARM.attributes
                0x0000012b       0x2d ./Core/Src/main.o
 .ARM.attributes
                0x00000158       0x2d ./Core/Src/scheduler.o
 .ARM.attributes
                0x00000185       0x2d ./Core/Src/stm32f1xx_hal_msp.o
 .ARM.attributes
                0x000001b2       0x2d ./Core/Src/stm32f1xx_it.o
 .ARM.attributes
                0x000001df       0x2d ./Core/Src/sysmem.o
 .ARM.attributes
                0x0000020c       0x2d ./Core/Src/system_stm32f1xx.o
 .ARM.attributes
                0x00000239       0x21 ./Core/Startup/startup_stm32f103rbtx.o
 .ARM.attributes
                0x0000025a       0x2d ./Drivers/STM32F1xx_HAL_Driver/Src/stm32f1xx_hal.o
 .ARM.attributes
                0x00000287       0x2d ./Drivers/STM32F1xx_HAL_Driver/Src/stm32f1xx_hal_cortex.o
 .ARM.attributes
                0x000002b4       0x2d ./Drivers/STM32F1xx_HAL_Driver/Src/stm32f1xx_hal_gpio.o
 .ARM.attributes
                0x000002e1       0x2d ./Drivers/STM32F1xx_HAL_Driver/Src/stm32f1xx_hal_i2c.o
 .ARM.attributes
                0x0000030e       0x2d ./Drivers/STM32F1xx_HAL_Driver/Src/stm32f1xx_hal_rcc.o
 .ARM.attributes
                0x0000033b       0x2d ./Drivers/STM32F1xx_HAL_Driver/Src/stm32f1xx_hal_tim.o
 .ARM.attributes
                0x00000368       0x2d ./Drivers/STM32F1xx_HAL_Driver/Src/stm32f1xx_hal_tim_ex.o
 .ARM.attributes
                0x00000395       0x2d ./Drivers/STM32F1xx_HAL_Driver/Src/stm32f1xx_hal_uart.o
 .ARM.attributes
                0x000003c2       0x2d C:/ST/STM32CubeIDE_1.14.0/STM32CubeIDE/plugins/com.st.stm32cube.ide.mcu.externaltools.gnu-tools-for-stm32.12.3.rel1.win32_1.1.0.202410251130/tools/bin/../lib/gcc/arm-none-eabi/12.3.1/../../../../arm-none-eabi/lib/thumb/v7-m/nofp\libc_nano.a(libc_a-malloc.o)
 .ARM.attributes
                0x000003ef       0x2d C:/ST/STM32CubeIDE_1.14.0/STM32CubeIDE/plugins/com.st.stm32cube.ide.mcu.externaltools.gnu-tools-for-stm32.12.3.rel1.win32_1.1.0.202410251130/tools/bin/../lib/gcc/arm-none-eabi/12.3.1/../../../../arm-none-eabi/lib/thumb/v7-m/nofp\libc_nano.a(libc_a-mallocr.o)
 .ARM.attributes
                0x0000041c       0x2d C:/ST/STM32CubeIDE_1.14.0/STM32CubeIDE/plugins/com.st.stm32cube.ide.mcu.externaltools.gnu-tools-for-stm32.12.3.rel1.win32_1.1.0.202410251130/tools/bin/../lib/gcc/arm-none-eabi/12.3.1/../../../../arm-none-eabi/lib/thumb/v7-m/nofp\libc_nano.a(libc_a-mlock.o)
 .ARM.attributes
                0x00000449       0x2d C:/ST/STM32CubeIDE_1.14.0/STM32CubeIDE/plugins/com.st.stm32cube.ide.mcu.externaltools.gnu-tools-for-stm32.12.3.rel1.win32_1.1.0.202410251130/tools/bin/../lib/gcc/arm-none-eabi/12.3.1/../../../../arm-none-eabi/lib/thumb/v7-m/nofp\libc_nano.a(libc_a-findfp.o)
 .ARM.attributes
                0x00000476       0x2d C:/ST/STM32CubeIDE_1.14.0/STM32CubeIDE/plugins/com.st.stm32cube.ide.mcu.externaltools.gnu-tools-for-stm32.12.3.rel1.win32_1.1.0.202410251130/tools/bin/../lib/gcc/arm-none-eabi/12.3.1/../../../../arm-none-eabi/lib/thumb/v7-m/nofp\libc_nano.a(libc_a-sprintf.o)
 .ARM.attributes
                0x000004a3       0x2d C:/ST/STM32CubeIDE_1.14.0/STM32CubeIDE/plugins/com.st.stm32cube.ide.mcu.externaltools.gnu-tools-for-stm32.12.3.rel1.win32_1.1.0.202410251130/tools/bin/../lib/gcc/arm-none-eabi/12.3.1/../../../../arm-none-eabi/lib/thumb/v7-m/nofp\libc_nano.a(libc_a-memset.o)
 .ARM.attributes
                0x000004d0       0x2d C:/ST/STM32CubeIDE_1.14.0/STM32CubeIDE/plugins/com.st.stm32cube.ide.mcu.externaltools.gnu-tools-for-stm32.12.3.rel1.win32_1.1.0.202410251130/tools/bin/../lib/gcc/arm-none-eabi/12.3.1/../../../../arm-none-eabi/lib/thumb/v7-m/nofp\libc_nano.a(libc_a-reent.o)
 .ARM.attributes
                0x000004fd       0x2d C:/ST/STM32CubeIDE_1.14.0/STM32CubeIDE/plugins/com.st.stm32cube.ide.mcu.externaltools.gnu-tools-for-stm32.12.3.rel1.win32_1.1.0.202410251130/tools/bin/../lib/gcc/arm-none-eabi/12.3.1/../../../../arm-none-eabi/lib/thumb/v7-m/nofp\libc_nano.a(libc_a-impure.o)
 .ARM.attributes
                0x0000052a       0x2d C:/ST/STM32CubeIDE_1.14.0/STM32CubeIDE/plugins/com.st.stm32cube.ide.mcu.externaltools.gnu-tools-for-stm32.12.3.rel1.win32_1.1.0.202410251130/tools/bin/../lib/gcc/arm-none-eabi/12.3.1/../../../../arm-none-eabi/lib/thumb/v7-m/nofp\libc_nano.a(libc_a-sbrkr.o)
 .ARM.attributes
                0x00000557       0x2d C:/ST/STM32CubeIDE_1.14.0/STM32CubeIDE/plugins/com.st.stm32cube.ide.mcu.externaltools.gnu-tools-for-stm32.12.3.rel1.win32_1.1.0.202410251130/tools/bin/../lib/gcc/arm-none-eabi/12.3.1/../../../../arm-none-eabi/lib/thumb/v7-m/nofp\libc_nano.a(libc_a-errno.o)
 .ARM.attributes
                0x00000584       0x2d C:/ST/STM32CubeIDE_1.14.0/STM32CubeIDE/plugins/com.st.stm32cube.ide.mcu.externaltools.gnu-tools-for-stm32.12.3.rel1.win32_1.1.0.202410251130/tools/bin/../lib/gcc/arm-none-eabi/12.3.1/../../../../arm-none-eabi/lib/thumb/v7-m/nofp\libc_nano.a(libc_a-init.o)
 .ARM.attributes
                0x000005b1       0x2d C:/ST/STM32CubeIDE_1.14.0/STM32CubeIDE/plugins/com.st.stm32cube.ide.mcu.externaltools.gnu-tools-for-stm32.12.3.rel1.win32_1.1.0.202410251130/tools/bin/../lib/gcc/arm-none-eabi/12.3.1/../../../../arm-none-eabi/lib/thumb/v7-m/nofp\libc_nano.a(libc_a-lock.o)
 .ARM.attributes
                0x000005de       0x2d C:/ST/STM32CubeIDE_1.14.0/STM32CubeIDE/plugins/com.st.stm32cube.ide.mcu.externaltools.gnu-tools-for-stm32.12.3.rel1.win32_1.1.0.202410251130/tools/bin/../lib/gcc/arm-none-eabi/12.3.1/../../../../arm-none-eabi/lib/thumb/v7-m/nofp\libc_nano.a(libc_a-freer.o)
 .ARM.attributes
                0x0000060b       0x2d C:/ST/STM32CubeIDE_1.14.0/STM32CubeIDE/plugins/com.st.stm32cube.ide.mcu.externaltools.gnu-tools-for-stm32.12.3.rel1.win32_1.1.0.202410251130/tools/bin/../lib/gcc/arm-none-eabi/12.3.1/../../../../arm-none-eabi/lib/thumb/v7-m/nofp\libc_nano.a(libc_a-nano-svfprintf.o)
 .ARM.attributes
                0x00000638       0x2d C:/ST/STM32CubeIDE_1.14.0/STM32CubeIDE/plugins/com.st.stm32cube.ide.mcu.externaltools.gnu-tools-for-stm32.12.3.rel1.win32_1.1.0.202410251130/tools/bin/../lib/gcc/arm-none-eabi/12.3.1/../../../../arm-none-eabi/lib/thumb/v7-m/nofp\libc_nano.a(libc_a-nano-vfprintf_i.o)
 .ARM.attributes
                0x00000665       0x2d C:/ST/STM32CubeIDE_1.14.0/STM32CubeIDE/plugins/com.st.stm32cube.ide.mcu.externaltools.gnu-tools-for-stm32.12.3.rel1.win32_1.1.0.202410251130/tools/bin/../lib/gcc/arm-none-eabi/12.3.1/../../../../arm-none-eabi/lib/thumb/v7-m/nofp\libc_nano.a(libc_a-memmove.o)
 .ARM.attributes
                0x00000692       0x2d C:/ST/STM32CubeIDE_1.14.0/STM32CubeIDE/plugins/com.st.stm32cube.ide.mcu.externaltools.gnu-tools-for-stm32.12.3.rel1.win32_1.1.0.202410251130/tools/bin/../lib/gcc/arm-none-eabi/12.3.1/../../../../arm-none-eabi/lib/thumb/v7-m/nofp\libc_nano.a(libc_a-memchr-stub.o)
 .ARM.attributes
                0x000006bf       0x2d C:/ST/STM32CubeIDE_1.14.0/STM32CubeIDE/plugins/com.st.stm32cube.ide.mcu.externaltools.gnu-tools-for-stm32.12.3.rel1.win32_1.1.0.202410251130/tools/bin/../lib/gcc/arm-none-eabi/12.3.1/../../../../arm-none-eabi/lib/thumb/v7-m/nofp\libc_nano.a(libc_a-memcpy-stub.o)
 .ARM.attributes
                0x000006ec       0x2d C:/ST/STM32CubeIDE_1.14.0/STM32CubeIDE/plugins/com.st.stm32cube.ide.mcu.externaltools.gnu-tools-for-stm32.12.3.rel1.win32_1.1.0.202410251130/tools/bin/../lib/gcc/arm-none-eabi/12.3.1/../../../../arm-none-eabi/lib/thumb/v7-m/nofp\libc_nano.a(libc_a-reallocr.o)
 .ARM.attributes
                0x00000719       0x2d C:/ST/STM32CubeIDE_1.14.0/STM32CubeIDE/plugins/com.st.stm32cube.ide.mcu.externaltools.gnu-tools-for-stm32.12.3.rel1.win32_1.1.0.202410251130/tools/bin/../lib/gcc/arm-none-eabi/12.3.1/../../../../arm-none-eabi/lib/thumb/v7-m/nofp\libc_nano.a(libc_a-msizer.o)
 .ARM.attributes
                0x00000746       0x1d C:/ST/STM32CubeIDE_1.14.0/STM32CubeIDE/plugins/com.st.stm32cube.ide.mcu.externaltools.gnu-tools-for-stm32.12.3.rel1.win32_1.1.0.202410251130/tools/bin/../lib/gcc/arm-none-eabi/12.3.1/thumb/v7-m/nofp/crtn.o
OUTPUT(Testing_103RB.elf elf32-littlearm)
LOAD linker stubs
LOAD C:/ST/STM32CubeIDE_1.14.0/STM32CubeIDE/plugins/com.st.stm32cube.ide.mcu.externaltools.gnu-tools-for-stm32.12.3.rel1.win32_1.1.0.202410251130/tools/bin/../lib/gcc/arm-none-eabi/12.3.1/../../../../arm-none-eabi/lib/thumb/v7-m/nofp\libc.a
LOAD C:/ST/STM32CubeIDE_1.14.0/STM32CubeIDE/plugins/com.st.stm32cube.ide.mcu.externaltools.gnu-tools-for-stm32.12.3.rel1.win32_1.1.0.202410251130/tools/bin/../lib/gcc/arm-none-eabi/12.3.1/../../../../arm-none-eabi/lib/thumb/v7-m/nofp\libm.a
LOAD C:/ST/STM32CubeIDE_1.14.0/STM32CubeIDE/plugins/com.st.stm32cube.ide.mcu.externaltools.gnu-tools-for-stm32.12.3.rel1.win32_1.1.0.202410251130/tools/bin/../lib/gcc/arm-none-eabi/12.3.1/thumb/v7-m/nofp\libgcc.a

.debug_info     0x00000000     0xf4b1
 .debug_info    0x00000000      0x25e ./Core/Src/fsm_for_button.o
 .debug_info    0x0000025e      0x361 ./Core/Src/fsm_traffic_light.o
 .debug_info    0x000005bf      0x1ef ./Core/Src/global.o
 .debug_info    0x000007ae      0x72f ./Core/Src/i2c-lcd.o
 .debug_info    0x00000edd      0x2ab ./Core/Src/input_reading.o
 .debug_info    0x00001188     0x137c ./Core/Src/main.o
 .debug_info    0x00002504      0x392 ./Core/Src/scheduler.o
 .debug_info    0x00002896     0x106f ./Core/Src/stm32f1xx_hal_msp.o
 .debug_info    0x00003905      0x6e2 ./Core/Src/stm32f1xx_it.o
 .debug_info    0x00003fe7      0x168 ./Core/Src/sysmem.o
 .debug_info    0x0000414f      0x222 ./Core/Src/system_stm32f1xx.o
 .debug_info    0x00004371       0x30 ./Core/Startup/startup_stm32f103rbtx.o
 .debug_info    0x000043a1      0x704 ./Drivers/STM32F1xx_HAL_Driver/Src/stm32f1xx_hal.o
 .debug_info    0x00004aa5      0xa87 ./Drivers/STM32F1xx_HAL_Driver/Src/stm32f1xx_hal_cortex.o
 .debug_info    0x0000552c      0x5ab ./Drivers/STM32F1xx_HAL_Driver/Src/stm32f1xx_hal_gpio.o
 .debug_info    0x00005ad7     0x2524 ./Drivers/STM32F1xx_HAL_Driver/Src/stm32f1xx_hal_i2c.o
 .debug_info    0x00007ffb      0x7d5 ./Drivers/STM32F1xx_HAL_Driver/Src/stm32f1xx_hal_rcc.o
 .debug_info    0x000087d0     0x2959 ./Drivers/STM32F1xx_HAL_Driver/Src/stm32f1xx_hal_tim.o
 .debug_info    0x0000b129     0x149b ./Drivers/STM32F1xx_HAL_Driver/Src/stm32f1xx_hal_tim_ex.o
 .debug_info    0x0000c5c4     0x2eed ./Drivers/STM32F1xx_HAL_Driver/Src/stm32f1xx_hal_uart.o

.debug_abbrev   0x00000000     0x254c
 .debug_abbrev  0x00000000      0x136 ./Core/Src/fsm_for_button.o
 .debug_abbrev  0x00000136      0x1be ./Core/Src/fsm_traffic_light.o
 .debug_abbrev  0x000002f4       0x84 ./Core/Src/global.o
 .debug_abbrev  0x00000378      0x1e2 ./Core/Src/i2c-lcd.o
 .debug_abbrev  0x0000055a      0x166 ./Core/Src/input_reading.o
 .debug_abbrev  0x000006c0      0x355 ./Core/Src/main.o
 .debug_abbrev  0x00000a15      0x18b ./Core/Src/scheduler.o
 .debug_abbrev  0x00000ba0      0x1dd ./Core/Src/stm32f1xx_hal_msp.o
 .debug_abbrev  0x00000d7d      0x1a6 ./Core/Src/stm32f1xx_it.o
 .debug_abbrev  0x00000f23       0xbc ./Core/Src/sysmem.o
 .debug_abbrev  0x00000fdf      0x13f ./Core/Src/system_stm32f1xx.o
 .debug_abbrev  0x0000111e       0x24 ./Core/Startup/startup_stm32f103rbtx.o
 .debug_abbrev  0x00001142      0x201 ./Drivers/STM32F1xx_HAL_Driver/Src/stm32f1xx_hal.o
 .debug_abbrev  0x00001343      0x2f8 ./Drivers/STM32F1xx_HAL_Driver/Src/stm32f1xx_hal_cortex.o
 .debug_abbrev  0x0000163b      0x1ca ./Drivers/STM32F1xx_HAL_Driver/Src/stm32f1xx_hal_gpio.o
 .debug_abbrev  0x00001805      0x2a3 ./Drivers/STM32F1xx_HAL_Driver/Src/stm32f1xx_hal_i2c.o
 .debug_abbrev  0x00001aa8      0x2b3 ./Drivers/STM32F1xx_HAL_Driver/Src/stm32f1xx_hal_rcc.o
 .debug_abbrev  0x00001d5b      0x277 ./Drivers/STM32F1xx_HAL_Driver/Src/stm32f1xx_hal_tim.o
 .debug_abbrev  0x00001fd2      0x282 ./Drivers/STM32F1xx_HAL_Driver/Src/stm32f1xx_hal_tim_ex.o
 .debug_abbrev  0x00002254      0x2f8 ./Drivers/STM32F1xx_HAL_Driver/Src/stm32f1xx_hal_uart.o

.debug_aranges  0x00000000      0xf88
 .debug_aranges
                0x00000000       0x20 ./Core/Src/fsm_for_button.o
 .debug_aranges
                0x00000020       0x48 ./Core/Src/fsm_traffic_light.o
 .debug_aranges
                0x00000068       0x18 ./Core/Src/global.o
 .debug_aranges
                0x00000080       0x48 ./Core/Src/i2c-lcd.o
 .debug_aranges
                0x000000c8       0x30 ./Core/Src/input_reading.o
 .debug_aranges
                0x000000f8       0x60 ./Core/Src/main.o
 .debug_aranges
                0x00000158       0x50 ./Core/Src/scheduler.o
 .debug_aranges
                0x000001a8       0x50 ./Core/Src/stm32f1xx_hal_msp.o
 .debug_aranges
                0x000001f8       0x70 ./Core/Src/stm32f1xx_it.o
 .debug_aranges
                0x00000268       0x20 ./Core/Src/sysmem.o
 .debug_aranges
                0x00000288       0x28 ./Core/Src/system_stm32f1xx.o
 .debug_aranges
                0x000002b0       0x28 ./Core/Startup/startup_stm32f103rbtx.o
 .debug_aranges
                0x000002d8       0xe0 ./Drivers/STM32F1xx_HAL_Driver/Src/stm32f1xx_hal.o
 .debug_aranges
                0x000003b8      0x100 ./Drivers/STM32F1xx_HAL_Driver/Src/stm32f1xx_hal_cortex.o
 .debug_aranges
                0x000004b8       0x58 ./Drivers/STM32F1xx_HAL_Driver/Src/stm32f1xx_hal_gpio.o
 .debug_aranges
                0x00000510      0x2a8 ./Drivers/STM32F1xx_HAL_Driver/Src/stm32f1xx_hal_i2c.o
 .debug_aranges
                0x000007b8       0x90 ./Drivers/STM32F1xx_HAL_Driver/Src/stm32f1xx_hal_rcc.o
 .debug_aranges
                0x00000848      0x3d0 ./Drivers/STM32F1xx_HAL_Driver/Src/stm32f1xx_hal_tim.o
 .debug_aranges
                0x00000c18      0x168 ./Drivers/STM32F1xx_HAL_Driver/Src/stm32f1xx_hal_tim_ex.o
 .debug_aranges
                0x00000d80      0x208 ./Drivers/STM32F1xx_HAL_Driver/Src/stm32f1xx_hal_uart.o

.debug_rnglists
                0x00000000      0xc27
 .debug_rnglists
                0x00000000       0x14 ./Core/Src/fsm_for_button.o
 .debug_rnglists
                0x00000014       0x35 ./Core/Src/fsm_traffic_light.o
 .debug_rnglists
                0x00000049       0x31 ./Core/Src/i2c-lcd.o
 .debug_rnglists
                0x0000007a       0x20 ./Core/Src/input_reading.o
 .debug_rnglists
                0x0000009a       0x47 ./Core/Src/main.o
 .debug_rnglists
                0x000000e1       0x39 ./Core/Src/scheduler.o
 .debug_rnglists
                0x0000011a       0x38 ./Core/Src/stm32f1xx_hal_msp.o
 .debug_rnglists
                0x00000152       0x4f ./Core/Src/stm32f1xx_it.o
 .debug_rnglists
                0x000001a1       0x13 ./Core/Src/sysmem.o
 .debug_rnglists
                0x000001b4       0x1a ./Core/Src/system_stm32f1xx.o
 .debug_rnglists
                0x000001ce       0x19 ./Core/Startup/startup_stm32f103rbtx.o
 .debug_rnglists
                0x000001e7       0xa3 ./Drivers/STM32F1xx_HAL_Driver/Src/stm32f1xx_hal.o
 .debug_rnglists
                0x0000028a       0xbb ./Drivers/STM32F1xx_HAL_Driver/Src/stm32f1xx_hal_cortex.o
 .debug_rnglists
                0x00000345       0x3f ./Drivers/STM32F1xx_HAL_Driver/Src/stm32f1xx_hal_gpio.o
 .debug_rnglists
                0x00000384      0x23c ./Drivers/STM32F1xx_HAL_Driver/Src/stm32f1xx_hal_i2c.o
 .debug_rnglists
                0x000005c0       0x6c ./Drivers/STM32F1xx_HAL_Driver/Src/stm32f1xx_hal_rcc.o
 .debug_rnglists
                0x0000062c      0x31a ./Drivers/STM32F1xx_HAL_Driver/Src/stm32f1xx_hal_tim.o
 .debug_rnglists
                0x00000946      0x125 ./Drivers/STM32F1xx_HAL_Driver/Src/stm32f1xx_hal_tim_ex.o
 .debug_rnglists
                0x00000a6b      0x1bc ./Drivers/STM32F1xx_HAL_Driver/Src/stm32f1xx_hal_uart.o

.debug_macro    0x00000000    0x19291
 .debug_macro   0x00000000      0x2b7 ./Core/Src/fsm_for_button.o
 .debug_macro   0x000002b7      0xaa8 ./Core/Src/fsm_for_button.o
 .debug_macro   0x00000d5f      0x221 ./Core/Src/fsm_for_button.o
 .debug_macro   0x00000f80       0x2e ./Core/Src/fsm_for_button.o
 .debug_macro   0x00000fae       0x22 ./Core/Src/fsm_for_button.o
 .debug_macro   0x00000fd0       0x22 ./Core/Src/fsm_for_button.o
 .debug_macro   0x00000ff2       0x8e ./Core/Src/fsm_for_button.o
 .debug_macro   0x00001080       0x51 ./Core/Src/fsm_for_button.o
 .debug_macro   0x000010d1      0x103 ./Core/Src/fsm_for_button.o
 .debug_macro   0x000011d4       0x6a ./Core/Src/fsm_for_button.o
 .debug_macro   0x0000123e      0x1df ./Core/Src/fsm_for_button.o
 .debug_macro   0x0000141d       0x1c ./Core/Src/fsm_for_button.o
 .debug_macro   0x00001439       0x22 ./Core/Src/fsm_for_button.o
 .debug_macro   0x0000145b       0xbd ./Core/Src/fsm_for_button.o
 .debug_macro   0x00001518      0xd23 ./Core/Src/fsm_for_button.o
 .debug_macro   0x0000223b     0xe09e ./Core/Src/fsm_for_button.o
 .debug_macro   0x000102d9       0x6d ./Core/Src/fsm_for_button.o
 .debug_macro   0x00010346     0x34a2 ./Core/Src/fsm_for_button.o
 .debug_macro   0x000137e8      0x189 ./Core/Src/fsm_for_button.o
 .debug_macro   0x00013971       0x5c ./Core/Src/fsm_for_button.o
 .debug_macro   0x000139cd      0x5bc ./Core/Src/fsm_for_button.o
 .debug_macro   0x00013f89      0x289 ./Core/Src/fsm_for_button.o
 .debug_macro   0x00014212      0x1cb ./Core/Src/fsm_for_button.o
 .debug_macro   0x000143dd      0x114 ./Core/Src/fsm_for_button.o
 .debug_macro   0x000144f1      0x1b2 ./Core/Src/fsm_for_button.o
 .debug_macro   0x000146a3       0x27 ./Core/Src/fsm_for_button.o
 .debug_macro   0x000146ca      0x136 ./Core/Src/fsm_for_button.o
 .debug_macro   0x00014800      0x1bc ./Core/Src/fsm_for_button.o
 .debug_macro   0x000149bc       0x34 ./Core/Src/fsm_for_button.o
 .debug_macro   0x000149f0       0x3c ./Core/Src/fsm_for_button.o
 .debug_macro   0x00014a2c       0x57 ./Core/Src/fsm_for_button.o
 .debug_macro   0x00014a83       0x87 ./Core/Src/fsm_for_button.o
 .debug_macro   0x00014b0a      0x240 ./Core/Src/fsm_for_button.o
 .debug_macro   0x00014d4a      0x287 ./Core/Src/fsm_for_button.o
 .debug_macro   0x00014fd1      0x140 ./Core/Src/fsm_for_button.o
 .debug_macro   0x00015111      0x8ed ./Core/Src/fsm_for_button.o
 .debug_macro   0x000159fe      0x28e ./Core/Src/fsm_for_button.o
 .debug_macro   0x00015c8c       0x83 ./Core/Src/fsm_for_button.o
 .debug_macro   0x00015d0f       0x24 ./Core/Src/fsm_for_button.o
 .debug_macro   0x00015d33       0x61 ./Core/Src/fsm_for_button.o
 .debug_macro   0x00015d94       0x43 ./Core/Src/fsm_for_button.o
 .debug_macro   0x00015dd7       0x34 ./Core/Src/fsm_for_button.o
 .debug_macro   0x00015e0b       0x16 ./Core/Src/fsm_for_button.o
 .debug_macro   0x00015e21       0x35 ./Core/Src/fsm_for_button.o
 .debug_macro   0x00015e56       0x16 ./Core/Src/fsm_for_button.o
 .debug_macro   0x00015e6c       0x43 ./Core/Src/fsm_for_button.o
 .debug_macro   0x00015eaf       0x34 ./Core/Src/fsm_for_button.o
 .debug_macro   0x00015ee3       0x10 ./Core/Src/fsm_for_button.o
 .debug_macro   0x00015ef3       0x58 ./Core/Src/fsm_for_button.o
 .debug_macro   0x00015f4b       0x8e ./Core/Src/fsm_for_button.o
 .debug_macro   0x00015fd9       0x1c ./Core/Src/fsm_for_button.o
 .debug_macro   0x00015ff5      0x177 ./Core/Src/fsm_for_button.o
 .debug_macro   0x0001616c      0x369 ./Core/Src/fsm_for_button.o
 .debug_macro   0x000164d5       0x16 ./Core/Src/fsm_for_button.o
 .debug_macro   0x000164eb       0x29 ./Core/Src/fsm_for_button.o
 .debug_macro   0x00016514       0x1c ./Core/Src/fsm_for_button.o
 .debug_macro   0x00016530       0x22 ./Core/Src/fsm_for_button.o
 .debug_macro   0x00016552       0x34 ./Core/Src/fsm_for_button.o
 .debug_macro   0x00016586       0xb2 ./Core/Src/fsm_for_button.o
 .debug_macro   0x00016638      0x32e ./Core/Src/fsm_traffic_light.o
 .debug_macro   0x00016966       0x1c ./Core/Src/fsm_traffic_light.o
 .debug_macro   0x00016982       0x10 ./Core/Src/fsm_traffic_light.o
 .debug_macro   0x00016992       0x1c ./Core/Src/fsm_traffic_light.o
 .debug_macro   0x000169ae       0x16 ./Core/Src/fsm_traffic_light.o
 .debug_macro   0x000169c4      0x146 ./Core/Src/fsm_traffic_light.o
 .debug_macro   0x00016b0a       0x16 ./Core/Src/fsm_traffic_light.o
 .debug_macro   0x00016b20       0x20 ./Core/Src/fsm_traffic_light.o
 .debug_macro   0x00016b40       0x1c ./Core/Src/fsm_traffic_light.o
 .debug_macro   0x00016b5c      0x2b7 ./Core/Src/global.o
 .debug_macro   0x00016e13       0x1c ./Core/Src/global.o
 .debug_macro   0x00016e2f      0x2bf ./Core/Src/i2c-lcd.o
 .debug_macro   0x000170ee       0x16 ./Core/Src/i2c-lcd.o
 .debug_macro   0x00017104       0x16 ./Core/Src/i2c-lcd.o
 .debug_macro   0x0001711a      0x2b7 ./Core/Src/input_reading.o
 .debug_macro   0x000173d1       0x2e ./Core/Src/input_reading.o
 .debug_macro   0x000173ff      0x336 ./Core/Src/main.o
 .debug_macro   0x00017735      0x2b7 ./Core/Src/scheduler.o
 .debug_macro   0x000179ec      0x2ad ./Core/Src/stm32f1xx_hal_msp.o
 .debug_macro   0x00017c99      0x2b7 ./Core/Src/stm32f1xx_it.o
 .debug_macro   0x00017f50       0xff ./Core/Src/sysmem.o
 .debug_macro   0x0001804f      0x23c ./Core/Src/sysmem.o
 .debug_macro   0x0001828b      0x1ad ./Core/Src/system_stm32f1xx.o
 .debug_macro   0x00018438      0x1d1 ./Drivers/STM32F1xx_HAL_Driver/Src/stm32f1xx_hal.o
 .debug_macro   0x00018609      0x1ad ./Drivers/STM32F1xx_HAL_Driver/Src/stm32f1xx_hal_cortex.o
 .debug_macro   0x000187b6      0x218 ./Drivers/STM32F1xx_HAL_Driver/Src/stm32f1xx_hal_gpio.o
 .debug_macro   0x000189ce      0x1fb ./Drivers/STM32F1xx_HAL_Driver/Src/stm32f1xx_hal_i2c.o
 .debug_macro   0x00018bc9      0x1bf ./Drivers/STM32F1xx_HAL_Driver/Src/stm32f1xx_hal_rcc.o
 .debug_macro   0x00018d88      0x1ae ./Drivers/STM32F1xx_HAL_Driver/Src/stm32f1xx_hal_tim.o
 .debug_macro   0x00018f36      0x1ad ./Drivers/STM32F1xx_HAL_Driver/Src/stm32f1xx_hal_tim_ex.o
 .debug_macro   0x000190e3      0x1ae ./Drivers/STM32F1xx_HAL_Driver/Src/stm32f1xx_hal_uart.o

.debug_line     0x00000000    0x146da
 .debug_line    0x00000000      0xa29 ./Core/Src/fsm_for_button.o
 .debug_line    0x00000a29      0xade ./Core/Src/fsm_traffic_light.o
 .debug_line    0x00001507      0x871 ./Core/Src/global.o
 .debug_line    0x00001d78      0x955 ./Core/Src/i2c-lcd.o
 .debug_line    0x000026cd      0x933 ./Core/Src/input_reading.o
 .debug_line    0x00003000      0xb0e ./Core/Src/main.o
 .debug_line    0x00003b0e      0xae8 ./Core/Src/scheduler.o
 .debug_line    0x000045f6      0x964 ./Core/Src/stm32f1xx_hal_msp.o
 .debug_line    0x00004f5a      0x987 ./Core/Src/stm32f1xx_it.o
 .debug_line    0x000058e1      0x579 ./Core/Src/sysmem.o
 .debug_line    0x00005e5a      0x792 ./Core/Src/system_stm32f1xx.o
 .debug_line    0x000065ec       0x78 ./Core/Startup/startup_stm32f103rbtx.o
 .debug_line    0x00006664      0x9bf ./Drivers/STM32F1xx_HAL_Driver/Src/stm32f1xx_hal.o
 .debug_line    0x00007023      0xbab ./Drivers/STM32F1xx_HAL_Driver/Src/stm32f1xx_hal_cortex.o
 .debug_line    0x00007bce      0xa58 ./Drivers/STM32F1xx_HAL_Driver/Src/stm32f1xx_hal_gpio.o
 .debug_line    0x00008626     0x3c5c ./Drivers/STM32F1xx_HAL_Driver/Src/stm32f1xx_hal_i2c.o
 .debug_line    0x0000c282      0xdc8 ./Drivers/STM32F1xx_HAL_Driver/Src/stm32f1xx_hal_rcc.o
 .debug_line    0x0000d04a     0x34e4 ./Drivers/STM32F1xx_HAL_Driver/Src/stm32f1xx_hal_tim.o
 .debug_line    0x0001052e     0x190e ./Drivers/STM32F1xx_HAL_Driver/Src/stm32f1xx_hal_tim_ex.o
 .debug_line    0x00011e3c     0x289e ./Drivers/STM32F1xx_HAL_Driver/Src/stm32f1xx_hal_uart.o

.debug_str      0x00000000    0x8d26f
 .debug_str     0x00000000    0x882d0 ./Core/Src/fsm_for_button.o
                              0x88634 (size before relaxing)
 .debug_str     0x000882d0      0x7f3 ./Core/Src/fsm_traffic_light.o
                              0x88d9c (size before relaxing)
 .debug_str     0x00088ac3       0x1e ./Core/Src/global.o
                              0x88573 (size before relaxing)
 .debug_str     0x00088ae1      0x4a7 ./Core/Src/i2c-lcd.o
                              0x88bfc (size before relaxing)
 .debug_str     0x00088f88       0xb9 ./Core/Src/input_reading.o
                              0x8860f (size before relaxing)
 .debug_str     0x00089041      0xab4 ./Core/Src/main.o
                              0x89d17 (size before relaxing)
 .debug_str     0x00089af5       0xc3 ./Core/Src/scheduler.o
                              0x88605 (size before relaxing)
 .debug_str     0x00089bb8      0x105 ./Core/Src/stm32f1xx_hal_msp.o
                              0x892b3 (size before relaxing)
 .debug_str     0x00089cbd      0x11a ./Core/Src/stm32f1xx_it.o
                              0x88ab0 (size before relaxing)
 .debug_str     0x00089dd7      0x4dc ./Core/Src/sysmem.o
                               0x605f (size before relaxing)
 .debug_str     0x0008a2b3       0x7e ./Core/Src/system_stm32f1xx.o
                              0x84fec (size before relaxing)
 .debug_str     0x0008a331       0x44 ./Core/Startup/startup_stm32f103rbtx.o
                                 0x6a (size before relaxing)
 .debug_str     0x0008a375      0x384 ./Drivers/STM32F1xx_HAL_Driver/Src/stm32f1xx_hal.o
                              0x8571f (size before relaxing)
 .debug_str     0x0008a6f9      0x294 ./Drivers/STM32F1xx_HAL_Driver/Src/stm32f1xx_hal_cortex.o
                              0x8566b (size before relaxing)
 .debug_str     0x0008a98d      0x2a4 ./Drivers/STM32F1xx_HAL_Driver/Src/stm32f1xx_hal_gpio.o
                              0x85372 (size before relaxing)
 .debug_str     0x0008ac31      0xbc3 ./Drivers/STM32F1xx_HAL_Driver/Src/stm32f1xx_hal_i2c.o
                              0x860b3 (size before relaxing)
 .debug_str     0x0008b7f4      0x209 ./Drivers/STM32F1xx_HAL_Driver/Src/stm32f1xx_hal_rcc.o
                              0x8541b (size before relaxing)
 .debug_str     0x0008b9fd      0xdb8 ./Drivers/STM32F1xx_HAL_Driver/Src/stm32f1xx_hal_tim.o
                              0x8641d (size before relaxing)
 .debug_str     0x0008c7b5      0x493 ./Drivers/STM32F1xx_HAL_Driver/Src/stm32f1xx_hal_tim_ex.o
                              0x85c29 (size before relaxing)
 .debug_str     0x0008cc48      0x627 ./Drivers/STM32F1xx_HAL_Driver/Src/stm32f1xx_hal_uart.o
                              0x85a8c (size before relaxing)

.comment        0x00000000       0x43
 .comment       0x00000000       0x43 ./Core/Src/fsm_for_button.o
                                 0x44 (size before relaxing)
 .comment       0x00000043       0x44 ./Core/Src/fsm_traffic_light.o
 .comment       0x00000043       0x44 ./Core/Src/global.o
 .comment       0x00000043       0x44 ./Core/Src/i2c-lcd.o
 .comment       0x00000043       0x44 ./Core/Src/input_reading.o
 .comment       0x00000043       0x44 ./Core/Src/main.o
 .comment       0x00000043       0x44 ./Core/Src/scheduler.o
 .comment       0x00000043       0x44 ./Core/Src/stm32f1xx_hal_msp.o
 .comment       0x00000043       0x44 ./Core/Src/stm32f1xx_it.o
 .comment       0x00000043       0x44 ./Core/Src/sysmem.o
 .comment       0x00000043       0x44 ./Core/Src/system_stm32f1xx.o
 .comment       0x00000043       0x44 ./Drivers/STM32F1xx_HAL_Driver/Src/stm32f1xx_hal.o
 .comment       0x00000043       0x44 ./Drivers/STM32F1xx_HAL_Driver/Src/stm32f1xx_hal_cortex.o
 .comment       0x00000043       0x44 ./Drivers/STM32F1xx_HAL_Driver/Src/stm32f1xx_hal_gpio.o
 .comment       0x00000043       0x44 ./Drivers/STM32F1xx_HAL_Driver/Src/stm32f1xx_hal_i2c.o
 .comment       0x00000043       0x44 ./Drivers/STM32F1xx_HAL_Driver/Src/stm32f1xx_hal_rcc.o
 .comment       0x00000043       0x44 ./Drivers/STM32F1xx_HAL_Driver/Src/stm32f1xx_hal_tim.o
 .comment       0x00000043       0x44 ./Drivers/STM32F1xx_HAL_Driver/Src/stm32f1xx_hal_tim_ex.o
 .comment       0x00000043       0x44 ./Drivers/STM32F1xx_HAL_Driver/Src/stm32f1xx_hal_uart.o

.debug_frame    0x00000000     0x45b0
 .debug_frame   0x00000000       0x2c ./Core/Src/fsm_for_button.o
 .debug_frame   0x0000002c       0xc0 ./Core/Src/fsm_traffic_light.o
 .debug_frame   0x000000ec       0xd8 ./Core/Src/i2c-lcd.o
 .debug_frame   0x000001c4       0x88 ./Core/Src/input_reading.o
 .debug_frame   0x0000024c      0x12c ./Core/Src/main.o
 .debug_frame   0x00000378      0x10c ./Core/Src/scheduler.o
 .debug_frame   0x00000484      0x110 ./Core/Src/stm32f1xx_hal_msp.o
 .debug_frame   0x00000594      0x13c ./Core/Src/stm32f1xx_it.o
 .debug_frame   0x000006d0       0x34 ./Core/Src/sysmem.o
 .debug_frame   0x00000704       0x58 ./Core/Src/system_stm32f1xx.o
 .debug_frame   0x0000075c      0x334 ./Drivers/STM32F1xx_HAL_Driver/Src/stm32f1xx_hal.o
 .debug_frame   0x00000a90      0x428 ./Drivers/STM32F1xx_HAL_Driver/Src/stm32f1xx_hal_cortex.o
 .debug_frame   0x00000eb8      0x14c ./Drivers/STM32F1xx_HAL_Driver/Src/stm32f1xx_hal_gpio.o
 .debug_frame   0x00001004      0xc84 ./Drivers/STM32F1xx_HAL_Driver/Src/stm32f1xx_hal_i2c.o
 .debug_frame   0x00001c88      0x218 ./Drivers/STM32F1xx_HAL_Driver/Src/stm32f1xx_hal_rcc.o
 .debug_frame   0x00001ea0     0x11b8 ./Drivers/STM32F1xx_HAL_Driver/Src/stm32f1xx_hal_tim.o
 .debug_frame   0x00003058      0x638 ./Drivers/STM32F1xx_HAL_Driver/Src/stm32f1xx_hal_tim_ex.o
 .debug_frame   0x00003690      0x944 ./Drivers/STM32F1xx_HAL_Driver/Src/stm32f1xx_hal_uart.o
 .debug_frame   0x00003fd4       0x30 C:/ST/STM32CubeIDE_1.14.0/STM32CubeIDE/plugins/com.st.stm32cube.ide.mcu.externaltools.gnu-tools-for-stm32.12.3.rel1.win32_1.1.0.202410251130/tools/bin/../lib/gcc/arm-none-eabi/12.3.1/../../../../arm-none-eabi/lib/thumb/v7-m/nofp\libc_nano.a(libc_a-malloc.o)
 .debug_frame   0x00004004       0x50 C:/ST/STM32CubeIDE_1.14.0/STM32CubeIDE/plugins/com.st.stm32cube.ide.mcu.externaltools.gnu-tools-for-stm32.12.3.rel1.win32_1.1.0.202410251130/tools/bin/../lib/gcc/arm-none-eabi/12.3.1/../../../../arm-none-eabi/lib/thumb/v7-m/nofp\libc_nano.a(libc_a-mallocr.o)
 .debug_frame   0x00004054       0x30 C:/ST/STM32CubeIDE_1.14.0/STM32CubeIDE/plugins/com.st.stm32cube.ide.mcu.externaltools.gnu-tools-for-stm32.12.3.rel1.win32_1.1.0.202410251130/tools/bin/../lib/gcc/arm-none-eabi/12.3.1/../../../../arm-none-eabi/lib/thumb/v7-m/nofp\libc_nano.a(libc_a-mlock.o)
 .debug_frame   0x00004084      0x144 C:/ST/STM32CubeIDE_1.14.0/STM32CubeIDE/plugins/com.st.stm32cube.ide.mcu.externaltools.gnu-tools-for-stm32.12.3.rel1.win32_1.1.0.202410251130/tools/bin/../lib/gcc/arm-none-eabi/12.3.1/../../../../arm-none-eabi/lib/thumb/v7-m/nofp\libc_nano.a(libc_a-findfp.o)
 .debug_frame   0x000041c8       0x6c C:/ST/STM32CubeIDE_1.14.0/STM32CubeIDE/plugins/com.st.stm32cube.ide.mcu.externaltools.gnu-tools-for-stm32.12.3.rel1.win32_1.1.0.202410251130/tools/bin/../lib/gcc/arm-none-eabi/12.3.1/../../../../arm-none-eabi/lib/thumb/v7-m/nofp\libc_nano.a(libc_a-sprintf.o)
 .debug_frame   0x00004234       0x20 C:/ST/STM32CubeIDE_1.14.0/STM32CubeIDE/plugins/com.st.stm32cube.ide.mcu.externaltools.gnu-tools-for-stm32.12.3.rel1.win32_1.1.0.202410251130/tools/bin/../lib/gcc/arm-none-eabi/12.3.1/../../../../arm-none-eabi/lib/thumb/v7-m/nofp\libc_nano.a(libc_a-memset.o)
 .debug_frame   0x00004254       0x38 C:/ST/STM32CubeIDE_1.14.0/STM32CubeIDE/plugins/com.st.stm32cube.ide.mcu.externaltools.gnu-tools-for-stm32.12.3.rel1.win32_1.1.0.202410251130/tools/bin/../lib/gcc/arm-none-eabi/12.3.1/../../../../arm-none-eabi/lib/thumb/v7-m/nofp\libc_nano.a(libc_a-reent.o)
 .debug_frame   0x0000428c       0x2c C:/ST/STM32CubeIDE_1.14.0/STM32CubeIDE/plugins/com.st.stm32cube.ide.mcu.externaltools.gnu-tools-for-stm32.12.3.rel1.win32_1.1.0.202410251130/tools/bin/../lib/gcc/arm-none-eabi/12.3.1/../../../../arm-none-eabi/lib/thumb/v7-m/nofp\libc_nano.a(libc_a-sbrkr.o)
 .debug_frame   0x000042b8       0x20 C:/ST/STM32CubeIDE_1.14.0/STM32CubeIDE/plugins/com.st.stm32cube.ide.mcu.externaltools.gnu-tools-for-stm32.12.3.rel1.win32_1.1.0.202410251130/tools/bin/../lib/gcc/arm-none-eabi/12.3.1/../../../../arm-none-eabi/lib/thumb/v7-m/nofp\libc_nano.a(libc_a-errno.o)
 .debug_frame   0x000042d8       0x2c C:/ST/STM32CubeIDE_1.14.0/STM32CubeIDE/plugins/com.st.stm32cube.ide.mcu.externaltools.gnu-tools-for-stm32.12.3.rel1.win32_1.1.0.202410251130/tools/bin/../lib/gcc/arm-none-eabi/12.3.1/../../../../arm-none-eabi/lib/thumb/v7-m/nofp\libc_nano.a(libc_a-init.o)
 .debug_frame   0x00004304       0xb0 C:/ST/STM32CubeIDE_1.14.0/STM32CubeIDE/plugins/com.st.stm32cube.ide.mcu.externaltools.gnu-tools-for-stm32.12.3.rel1.win32_1.1.0.202410251130/tools/bin/../lib/gcc/arm-none-eabi/12.3.1/../../../../arm-none-eabi/lib/thumb/v7-m/nofp\libc_nano.a(libc_a-lock.o)
 .debug_frame   0x000043b4       0x38 C:/ST/STM32CubeIDE_1.14.0/STM32CubeIDE/plugins/com.st.stm32cube.ide.mcu.externaltools.gnu-tools-for-stm32.12.3.rel1.win32_1.1.0.202410251130/tools/bin/../lib/gcc/arm-none-eabi/12.3.1/../../../../arm-none-eabi/lib/thumb/v7-m/nofp\libc_nano.a(libc_a-freer.o)
 .debug_frame   0x000043ec       0x90 C:/ST/STM32CubeIDE_1.14.0/STM32CubeIDE/plugins/com.st.stm32cube.ide.mcu.externaltools.gnu-tools-for-stm32.12.3.rel1.win32_1.1.0.202410251130/tools/bin/../lib/gcc/arm-none-eabi/12.3.1/../../../../arm-none-eabi/lib/thumb/v7-m/nofp\libc_nano.a(libc_a-nano-svfprintf.o)
 .debug_frame   0x0000447c       0x60 C:/ST/STM32CubeIDE_1.14.0/STM32CubeIDE/plugins/com.st.stm32cube.ide.mcu.externaltools.gnu-tools-for-stm32.12.3.rel1.win32_1.1.0.202410251130/tools/bin/../lib/gcc/arm-none-eabi/12.3.1/../../../../arm-none-eabi/lib/thumb/v7-m/nofp\libc_nano.a(libc_a-nano-vfprintf_i.o)
 .debug_frame   0x000044dc       0x28 C:/ST/STM32CubeIDE_1.14.0/STM32CubeIDE/plugins/com.st.stm32cube.ide.mcu.externaltools.gnu-tools-for-stm32.12.3.rel1.win32_1.1.0.202410251130/tools/bin/../lib/gcc/arm-none-eabi/12.3.1/../../../../arm-none-eabi/lib/thumb/v7-m/nofp\libc_nano.a(libc_a-memmove.o)
 .debug_frame   0x00004504       0x28 C:/ST/STM32CubeIDE_1.14.0/STM32CubeIDE/plugins/com.st.stm32cube.ide.mcu.externaltools.gnu-tools-for-stm32.12.3.rel1.win32_1.1.0.202410251130/tools/bin/../lib/gcc/arm-none-eabi/12.3.1/../../../../arm-none-eabi/lib/thumb/v7-m/nofp\libc_nano.a(libc_a-memchr-stub.o)
 .debug_frame   0x0000452c       0x28 C:/ST/STM32CubeIDE_1.14.0/STM32CubeIDE/plugins/com.st.stm32cube.ide.mcu.externaltools.gnu-tools-for-stm32.12.3.rel1.win32_1.1.0.202410251130/tools/bin/../lib/gcc/arm-none-eabi/12.3.1/../../../../arm-none-eabi/lib/thumb/v7-m/nofp\libc_nano.a(libc_a-memcpy-stub.o)
 .debug_frame   0x00004554       0x3c C:/ST/STM32CubeIDE_1.14.0/STM32CubeIDE/plugins/com.st.stm32cube.ide.mcu.externaltools.gnu-tools-for-stm32.12.3.rel1.win32_1.1.0.202410251130/tools/bin/../lib/gcc/arm-none-eabi/12.3.1/../../../../arm-none-eabi/lib/thumb/v7-m/nofp\libc_nano.a(libc_a-reallocr.o)
 .debug_frame   0x00004590       0x20 C:/ST/STM32CubeIDE_1.14.0/STM32CubeIDE/plugins/com.st.stm32cube.ide.mcu.externaltools.gnu-tools-for-stm32.12.3.rel1.win32_1.1.0.202410251130/tools/bin/../lib/gcc/arm-none-eabi/12.3.1/../../../../arm-none-eabi/lib/thumb/v7-m/nofp\libc_nano.a(libc_a-msizer.o)

.debug_line_str
                0x00000000       0x4e
 .debug_line_str
                0x00000000       0x4e ./Core/Startup/startup_stm32f103rbtx.o
