../Core/Src/i2c-lcd.c:10:6:Init_I2C	16	static
../Core/Src/i2c-lcd.c:14:16:lcd_send_cmd	32	static
../Core/Src/i2c-lcd.c:24:16:lcd_send_data	32	static
../Core/Src/i2c-lcd.c:34:6:lcd_backlight_on	24	static
../Core/Src/i2c-lcd.c:40:6:lcd_init	8	static
../Core/Src/i2c-lcd.c:77:6:lcd_send_string	16	static
../Core/Src/i2c-lcd.c:83:6:lcd_clear	8	static
../Core/Src/i2c-lcd.c:88:6:lcd_set_cursor	24	static
../Core/Src/i2c-lcd.c:100:6:lcd_display_number	32	static
../Core/Src/i2c-lcd.c:106:13:generate_str_from_mode	16	static
../Core/Src/i2c-lcd.c:123:6:lcd_display_mode	40	static
