../Core/Src/i2c-lcd.c:11:6:lcd_backlight_on	24	static
../Core/Src/i2c-lcd.c:16:6:Init_I2C	16	static
../Core/Src/i2c-lcd.c:20:16:lcd_send_cmd	32	static
../Core/Src/i2c-lcd.c:30:16:lcd_send_data	32	static
../Core/Src/i2c-lcd.c:41:13:generate_str_from_mode	16	static
../Core/Src/i2c-lcd.c:57:6:lcd_init	8	static
../Core/Src/i2c-lcd.c:84:6:lcd_send_string	16	static
../Core/Src/i2c-lcd.c:90:6:lcd_clear	8	static
../Core/Src/i2c-lcd.c:95:6:lcd_set_cursor	24	static
../Core/Src/i2c-lcd.c:107:6:lcd_display_number	32	static
../Core/Src/i2c-lcd.c:113:6:lcd_display_mode	40	static
